Archive member included to satisfy reference by file (symbol)

c:/st/stm32cubeide_1.7.0/stm32cubeide/plugins/com.st.stm32cube.ide.mcu.externaltools.gnu-tools-for-stm32.9-2020-q2-update.win32_2.0.0.202105311346/tools/bin/../lib/gcc/arm-none-eabi/9.3.1/../../../../arm-none-eabi/lib/thumb/v7-m/nofp\libc_nano.a(lib_a-errno.o)
                              ./Core/Src/syscalls.o (__errno)
c:/st/stm32cubeide_1.7.0/stm32cubeide/plugins/com.st.stm32cube.ide.mcu.externaltools.gnu-tools-for-stm32.9-2020-q2-update.win32_2.0.0.202105311346/tools/bin/../lib/gcc/arm-none-eabi/9.3.1/../../../../arm-none-eabi/lib/thumb/v7-m/nofp\libc_nano.a(lib_a-exit.o)
                              c:/st/stm32cubeide_1.7.0/stm32cubeide/plugins/com.st.stm32cube.ide.mcu.externaltools.gnu-tools-for-stm32.9-2020-q2-update.win32_2.0.0.202105311346/tools/bin/../lib/gcc/arm-none-eabi/9.3.1/../../../../arm-none-eabi/lib/thumb/v7-m/nofp/crt0.o (exit)
c:/st/stm32cubeide_1.7.0/stm32cubeide/plugins/com.st.stm32cube.ide.mcu.externaltools.gnu-tools-for-stm32.9-2020-q2-update.win32_2.0.0.202105311346/tools/bin/../lib/gcc/arm-none-eabi/9.3.1/../../../../arm-none-eabi/lib/thumb/v7-m/nofp\libc_nano.a(lib_a-impure.o)
                              c:/st/stm32cubeide_1.7.0/stm32cubeide/plugins/com.st.stm32cube.ide.mcu.externaltools.gnu-tools-for-stm32.9-2020-q2-update.win32_2.0.0.202105311346/tools/bin/../lib/gcc/arm-none-eabi/9.3.1/../../../../arm-none-eabi/lib/thumb/v7-m/nofp\libc_nano.a(lib_a-exit.o) (_global_impure_ptr)
c:/st/stm32cubeide_1.7.0/stm32cubeide/plugins/com.st.stm32cube.ide.mcu.externaltools.gnu-tools-for-stm32.9-2020-q2-update.win32_2.0.0.202105311346/tools/bin/../lib/gcc/arm-none-eabi/9.3.1/../../../../arm-none-eabi/lib/thumb/v7-m/nofp\libc_nano.a(lib_a-init.o)
                              c:/st/stm32cubeide_1.7.0/stm32cubeide/plugins/com.st.stm32cube.ide.mcu.externaltools.gnu-tools-for-stm32.9-2020-q2-update.win32_2.0.0.202105311346/tools/bin/../lib/gcc/arm-none-eabi/9.3.1/../../../../arm-none-eabi/lib/thumb/v7-m/nofp/crt0.o (__libc_init_array)
c:/st/stm32cubeide_1.7.0/stm32cubeide/plugins/com.st.stm32cube.ide.mcu.externaltools.gnu-tools-for-stm32.9-2020-q2-update.win32_2.0.0.202105311346/tools/bin/../lib/gcc/arm-none-eabi/9.3.1/../../../../arm-none-eabi/lib/thumb/v7-m/nofp\libc_nano.a(lib_a-memset.o)
                              c:/st/stm32cubeide_1.7.0/stm32cubeide/plugins/com.st.stm32cube.ide.mcu.externaltools.gnu-tools-for-stm32.9-2020-q2-update.win32_2.0.0.202105311346/tools/bin/../lib/gcc/arm-none-eabi/9.3.1/../../../../arm-none-eabi/lib/thumb/v7-m/nofp/crt0.o (memset)
c:/st/stm32cubeide_1.7.0/stm32cubeide/plugins/com.st.stm32cube.ide.mcu.externaltools.gnu-tools-for-stm32.9-2020-q2-update.win32_2.0.0.202105311346/tools/bin/../lib/gcc/arm-none-eabi/9.3.1/../../../../arm-none-eabi/lib/thumb/v7-m/nofp\libc_nano.a(lib_a-sprintf.o)
                              ./Core/Src/display7segment.o (sprintf)
c:/st/stm32cubeide_1.7.0/stm32cubeide/plugins/com.st.stm32cube.ide.mcu.externaltools.gnu-tools-for-stm32.9-2020-q2-update.win32_2.0.0.202105311346/tools/bin/../lib/gcc/arm-none-eabi/9.3.1/../../../../arm-none-eabi/lib/thumb/v7-m/nofp\libc_nano.a(lib_a-nano-svfprintf.o)
                              c:/st/stm32cubeide_1.7.0/stm32cubeide/plugins/com.st.stm32cube.ide.mcu.externaltools.gnu-tools-for-stm32.9-2020-q2-update.win32_2.0.0.202105311346/tools/bin/../lib/gcc/arm-none-eabi/9.3.1/../../../../arm-none-eabi/lib/thumb/v7-m/nofp\libc_nano.a(lib_a-sprintf.o) (_svfprintf_r)
c:/st/stm32cubeide_1.7.0/stm32cubeide/plugins/com.st.stm32cube.ide.mcu.externaltools.gnu-tools-for-stm32.9-2020-q2-update.win32_2.0.0.202105311346/tools/bin/../lib/gcc/arm-none-eabi/9.3.1/../../../../arm-none-eabi/lib/thumb/v7-m/nofp\libc_nano.a(lib_a-nano-vfprintf_i.o)
                              c:/st/stm32cubeide_1.7.0/stm32cubeide/plugins/com.st.stm32cube.ide.mcu.externaltools.gnu-tools-for-stm32.9-2020-q2-update.win32_2.0.0.202105311346/tools/bin/../lib/gcc/arm-none-eabi/9.3.1/../../../../arm-none-eabi/lib/thumb/v7-m/nofp\libc_nano.a(lib_a-nano-svfprintf.o) (_printf_i)
c:/st/stm32cubeide_1.7.0/stm32cubeide/plugins/com.st.stm32cube.ide.mcu.externaltools.gnu-tools-for-stm32.9-2020-q2-update.win32_2.0.0.202105311346/tools/bin/../lib/gcc/arm-none-eabi/9.3.1/../../../../arm-none-eabi/lib/thumb/v7-m/nofp\libc_nano.a(lib_a-memchr-stub.o)
                              c:/st/stm32cubeide_1.7.0/stm32cubeide/plugins/com.st.stm32cube.ide.mcu.externaltools.gnu-tools-for-stm32.9-2020-q2-update.win32_2.0.0.202105311346/tools/bin/../lib/gcc/arm-none-eabi/9.3.1/../../../../arm-none-eabi/lib/thumb/v7-m/nofp\libc_nano.a(lib_a-nano-svfprintf.o) (memchr)
c:/st/stm32cubeide_1.7.0/stm32cubeide/plugins/com.st.stm32cube.ide.mcu.externaltools.gnu-tools-for-stm32.9-2020-q2-update.win32_2.0.0.202105311346/tools/bin/../lib/gcc/arm-none-eabi/9.3.1/../../../../arm-none-eabi/lib/thumb/v7-m/nofp\libc_nano.a(lib_a-memcpy-stub.o)
[...]
Memory Configuration

Name             Origin             Length             Attributes
RAM              0x0000000020000000 0x0000000000005000 xrw
FLASH            0x0000000008000000 0x0000000000020000 xr
*default*        0x0000000000000000 0xffffffffffffffff

Linker script and memory map

LOAD c:/st/stm32cubeide_1.7.0/stm32cubeide/plugins/com.st.stm32cube.ide.mcu.externaltools.gnu-tools-for-stm32.9-2020-q2-update.win32_2.0.0.202105311346/tools/bin/../lib/gcc/arm-none-eabi/9.3.1/thumb/v7-m/nofp/crti.o
LOAD c:/st/stm32cubeide_1.7.0/stm32cubeide/plugins/com.st.stm32cube.ide.mcu.externaltools.gnu-tools-for-stm32.9-2020-q2-update.win32_2.0.0.202105311346/tools/bin/../lib/gcc/arm-none-eabi/9.3.1/thumb/v7-m/nofp/crtbegin.o
LOAD c:/st/stm32cubeide_1.7.0/stm32cubeide/plugins/com.st.stm32cube.ide.mcu.externaltools.gnu-tools-for-stm32.9-2020-q2-update.win32_2.0.0.202105311346/tools/bin/../lib/gcc/arm-none-eabi/9.3.1/../../../../arm-none-eabi/lib/thumb/v7-m/nofp/crt0.o
LOAD ./Core/Src/button.o
LOAD ./Core/Src/constant.o
LOAD ./Core/Src/display7segment.o
LOAD ./Core/Src/fsm_automatic.o
LOAD ./Core/Src/fsm_manual.o
LOAD ./Core/Src/fsm_setting.o
LOAD ./Core/Src/global.o
LOAD ./Core/Src/i2c-lcd.o
LOAD ./Core/Src/main.o
LOAD ./Core/Src/software_timer.o
LOAD ./Core/Src/stm32f1xx_hal_msp.o
LOAD ./Core/Src/stm32f1xx_it.o
LOAD ./Core/Src/syscalls.o
LOAD ./Core/Src/sysmem.o
LOAD ./Core/Src/system_stm32f1xx.o
LOAD ./Core/Src/traffic_light.o
LOAD ./Core/Startup/startup_stm32f103rbtx.o
LOAD ./Drivers/STM32F1xx_HAL_Driver/Src/stm32f1xx_hal.o
LOAD ./Drivers/STM32F1xx_HAL_Driver/Src/stm32f1xx_hal_cortex.o
LOAD ./Drivers/STM32F1xx_HAL_Driver/Src/stm32f1xx_hal_dma.o
LOAD ./Drivers/STM32F1xx_HAL_Driver/Src/stm32f1xx_hal_exti.o
LOAD ./Drivers/STM32F1xx_HAL_Driver/Src/stm32f1xx_hal_flash.o
LOAD ./Drivers/STM32F1xx_HAL_Driver/Src/stm32f1xx_hal_flash_ex.o
LOAD ./Drivers/STM32F1xx_HAL_Driver/Src/stm32f1xx_hal_gpio.o
LOAD ./Drivers/STM32F1xx_HAL_Driver/Src/stm32f1xx_hal_gpio_ex.o
LOAD ./Drivers/STM32F1xx_HAL_Driver/Src/stm32f1xx_hal_i2c.o
LOAD ./Drivers/STM32F1xx_HAL_Driver/Src/stm32f1xx_hal_pwr.o
LOAD ./Drivers/STM32F1xx_HAL_Driver/Src/stm32f1xx_hal_rcc.o
LOAD ./Drivers/STM32F1xx_HAL_Driver/Src/stm32f1xx_hal_rcc_ex.o
LOAD ./Drivers/STM32F1xx_HAL_Driver/Src/stm32f1xx_hal_tim.o
LOAD ./Drivers/STM32F1xx_HAL_Driver/Src/stm32f1xx_hal_tim_ex.o
START GROUP
LOAD c:/st/stm32cubeide_1.7.0/stm32cubeide/plugins/com.st.stm32cube.ide.mcu.externaltools.gnu-tools-for-stm32.9-2020-q2-update.win32_2.0.0.202105311346/tools/bin/../lib/gcc/arm-none-eabi/9.3.1/../../../../arm-none-eabi/lib/thumb/v7-m/nofp\libc_nano.a
LOAD c:/st/stm32cubeide_1.7.0/stm32cubeide/plugins/com.st.stm32cube.ide.mcu.externaltools.gnu-tools-for-stm32.9-2020-q2-update.win32_2.0.0.202105311346/tools/bin/../lib/gcc/arm-none-eabi/9.3.1/../../../../arm-none-eabi/lib/thumb/v7-m/nofp\libm.a
END GROUP
START GROUP
LOAD c:/st/stm32cubeide_1.7.0/stm32cubeide/plugins/com.st.stm32cube.ide.mcu.externaltools.gnu-tools-for-stm32.9-2020-q2-update.win32_2.0.0.202105311346/tools/bin/../lib/gcc/arm-none-eabi/9.3.1/thumb/v7-m/nofp\libgcc.a
LOAD c:/st/stm32cubeide_1.7.0/stm32cubeide/plugins/com.st.stm32cube.ide.mcu.externaltools.gnu-tools-for-stm32.9-2020-q2-update.win32_2.0.0.202105311346/tools/bin/../lib/gcc/arm-none-eabi/9.3.1/../../../../arm-none-eabi/lib/thumb/v7-m/nofp\libc_nano.a
END GROUP
START GROUP
LOAD c:/st/stm32cubeide_1.7.0/stm32cubeide/plugins/com.st.stm32cube.ide.mcu.externaltools.gnu-tools-for-stm32.9-2020-q2-update.win32_2.0.0.202105311346/tools/bin/../lib/gcc/arm-none-eabi/9.3.1/thumb/v7-m/nofp\libgcc.a
LOAD c:/st/stm32cubeide_1.7.0/stm32cubeide/plugins/com.st.stm32cube.ide.mcu.externaltools.gnu-tools-for-stm32.9-2020-q2-update.win32_2.0.0.202105311346/tools/bin/../lib/gcc/arm-none-eabi/9.3.1/../../../../arm-none-eabi/lib/thumb/v7-m/nofp\libc_nano.a
LOAD c:/st/stm32cubeide_1.7.0/stm32cubeide/plugins/com.st.stm32cube.ide.mcu.externaltools.gnu-tools-for-stm32.9-2020-q2-update.win32_2.0.0.202105311346/tools/bin/../lib/gcc/arm-none-eabi/9.3.1/../../../../arm-none-eabi/lib/thumb/v7-m/nofp\libnosys.a
END GROUP
START GROUP
LOAD c:/st/stm32cubeide_1.7.0/stm32cubeide/plugins/com.st.stm32cube.ide.mcu.externaltools.gnu-tools-for-stm32.9-2020-q2-update.win32_2.0.0.202105311346/tools/bin/../lib/gcc/arm-none-eabi/9.3.1/thumb/v7-m/nofp\libgcc.a
LOAD c:/st/stm32cubeide_1.7.0/stm32cubeide/plugins/com.st.stm32cube.ide.mcu.externaltools.gnu-tools-for-stm32.9-2020-q2-update.win32_2.0.0.202105311346/tools/bin/../lib/gcc/arm-none-eabi/9.3.1/../../../../arm-none-eabi/lib/thumb/v7-m/nofp\libc_nano.a
LOAD c:/st/stm32cubeide_1.7.0/stm32cubeide/plugins/com.st.stm32cube.ide.mcu.externaltools.gnu-tools-for-stm32.9-2020-q2-update.win32_2.0.0.202105311346/tools/bin/../lib/gcc/arm-none-eabi/9.3.1/../../../../arm-none-eabi/lib/thumb/v7-m/nofp\libnosys.a
END GROUP
LOAD c:/st/stm32cubeide_1.7.0/stm32cubeide/plugins/com.st.stm32cube.ide.mcu.externaltools.gnu-tools-for-stm32.9-2020-q2-update.win32_2.0.0.202105311346/tools/bin/../lib/gcc/arm-none-eabi/9.3.1/thumb/v7-m/nofp/crtend.o
LOAD c:/st/stm32cubeide_1.7.0/stm32cubeide/plugins/com.st.stm32cube.ide.mcu.externaltools.gnu-tools-for-stm32.9-2020-q2-update.win32_2.0.0.202105311346/tools/bin/../lib/gcc/arm-none-eabi/9.3.1/thumb/v7-m/nofp/crtn.o
                0x0000000020005000                _estack = (ORIGIN (RAM) + LENGTH (RAM))
                0x0000000000000200                _Min_Heap_Size = 0x200
                0x0000000000000400                _Min_Stack_Size = 0x400

.isr_vector     0x0000000008000000      0x10c
                0x0000000008000000                . = ALIGN (0x4)
 *(.isr_vector)
 .isr_vector    0x0000000008000000      0x10c ./Core/Startup/startup_stm32f103rbtx.o
                0x0000000008000000                g_pfnVectors
                0x000000000800010c                . = ALIGN (0x4)

.text           0x000000000800010c     0x3a94
                0x000000000800010c                . = ALIGN (0x4)
 *(.text)
 .text          0x000000000800010c       0x40 c:/st/stm32cubeide_1.7.0/stm32cubeide/plugins/com.st.stm32cube.ide.mcu.externaltools.gnu-tools-for-stm32.9-2020-q2-update.win32_2.0.0.202105311346/tools/bin/../lib/gcc/arm-none-eabi/9.3.1/thumb/v7-m/nofp/crtbegin.o
 *(.text*)
 .text.isButton1Pressed
                0x000000000800014c       0x3c ./Core/Src/button.o
                0x000000000800014c                isButton1Pressed
 .text.subKeyProcess
                0x0000000008000188       0x20 ./Core/Src/button.o
                0x0000000008000188                subKeyProcess
 .text.getKeyInput
                0x00000000080001a8      0x120 ./Core/Src/button.o
                0x00000000080001a8                getKeyInput
 .text.updateClockBuffer
                0x00000000080002c8       0x64 ./Core/Src/display7segment.o
                0x00000000080002c8                updateClockBuffer
 .text.clearAll
                0x000000000800032c       0x40 ./Core/Src/display7segment.o
                0x000000000800032c                clearAll
 .text.fsm_automatic_run
                0x000000000800036c       0x14 ./Core/Src/fsm_automatic.o
                0x000000000800036c                fsm_automatic_run
 .text.fsm_manual_run
                0x0000000008000380      0x2d8 ./Core/Src/fsm_manual.o
                0x0000000008000380                fsm_manual_run
 .text.counter_7segmen2
                0x0000000008000658      0x1f4 ./Core/Src/fsm_setting.o
                0x0000000008000658                counter_7segmen2
 .text.fsm_automatic_run_segmen
                0x000000000800084c       0x24 ./Core/Src/fsm_setting.o
                0x000000000800084c                fsm_automatic_run_segmen
 .text.updateLed
                0x0000000008000870       0x3c ./Core/Src/fsm_setting.o
                0x0000000008000870                updateLed
 .text.lcd_send_cmd
                0x00000000080008ac       0x60 ./Core/Src/i2c-lcd.o
                0x00000000080008ac                lcd_send_cmd
 .text.lcd_send_data
                0x000000000800090c       0x60 ./Core/Src/i2c-lcd.o
                0x000000000800090c                lcd_send_data
 .text.lcd_init
                0x000000000800096c       0x5c ./Core/Src/i2c-lcd.o
                0x000000000800096c                lcd_init
 .text.lcd_send_string
                0x00000000080009c8       0x2a ./Core/Src/i2c-lcd.o
                0x00000000080009c8                lcd_send_string
 .text.lcd_clear_display
                0x00000000080009f2        0xe ./Core/Src/i2c-lcd.o
                0x00000000080009f2                lcd_clear_display
 .text.lcd_goto_XY
                0x0000000008000a00       0x44 ./Core/Src/i2c-lcd.o
                0x0000000008000a00                lcd_goto_XY
 .text.main     0x0000000008000a44       0x3c ./Core/Src/main.o
                0x0000000008000a44                main
 .text.SystemClock_Config
                0x0000000008000a80       0x76 ./Core/Src/main.o
                0x0000000008000a80                SystemClock_Config
 *fill*         0x0000000008000af6        0x2 
 .text.MX_I2C1_Init
                0x0000000008000af8       0x5c ./Core/Src/main.o
 .text.MX_TIM2_Init
                0x0000000008000b54       0x98 ./Core/Src/main.o
 .text.MX_GPIO_Init
                0x0000000008000bec       0xc4 ./Core/Src/main.o
 .text.HAL_TIM_PeriodElapsedCallback
                0x0000000008000cb0       0x18 ./Core/Src/main.o
                0x0000000008000cb0                HAL_TIM_PeriodElapsedCallback
 .text.Error_Handler
                0x0000000008000cc8        0xa ./Core/Src/main.o
                0x0000000008000cc8                Error_Handler
 *fill*         0x0000000008000cd2        0x2 
 .text.setTimer0
                0x0000000008000cd4       0x3c ./Core/Src/software_timer.o
                0x0000000008000cd4                setTimer0
 .text.timer_run
                0x0000000008000d10       0x94 ./Core/Src/software_timer.o
                0x0000000008000d10                timer_run
 .text.HAL_MspInit
                0x0000000008000da4       0x64 ./Core/Src/stm32f1xx_hal_msp.o
                0x0000000008000da4                HAL_MspInit
 .text.HAL_I2C_MspInit
                0x0000000008000e08       0xa0 ./Core/Src/stm32f1xx_hal_msp.o
                0x0000000008000e08                HAL_I2C_MspInit
 .text.HAL_TIM_Base_MspInit
                0x0000000008000ea8       0x48 ./Core/Src/stm32f1xx_hal_msp.o
                0x0000000008000ea8                HAL_TIM_Base_MspInit
 .text.NMI_Handler
                0x0000000008000ef0        0x6 ./Core/Src/stm32f1xx_it.o
                0x0000000008000ef0                NMI_Handler
 .text.HardFault_Handler
                0x0000000008000ef6        0x6 ./Core/Src/stm32f1xx_it.o
                0x0000000008000ef6                HardFault_Handler
 .text.MemManage_Handler
                0x0000000008000efc        0x6 ./Core/Src/stm32f1xx_it.o
                0x0000000008000efc                MemManage_Handler
 .text.BusFault_Handler
                0x0000000008000f02        0x6 ./Core/Src/stm32f1xx_it.o
                0x0000000008000f02                BusFault_Handler
 .text.UsageFault_Handler
                0x0000000008000f08        0x6 ./Core/Src/stm32f1xx_it.o
                0x0000000008000f08                UsageFault_Handler
 .text.SVC_Handler
                0x0000000008000f0e        0xc ./Core/Src/stm32f1xx_it.o
                0x0000000008000f0e                SVC_Handler
 .text.DebugMon_Handler
                0x0000000008000f1a        0xc ./Core/Src/stm32f1xx_it.o
                0x0000000008000f1a                DebugMon_Handler
 .text.PendSV_Handler
                0x0000000008000f26        0xc ./Core/Src/stm32f1xx_it.o
                0x0000000008000f26                PendSV_Handler
 .text.SysTick_Handler
                0x0000000008000f32        0xc ./Core/Src/stm32f1xx_it.o
                0x0000000008000f32                SysTick_Handler
 *fill*         0x0000000008000f3e        0x2 
 .text.TIM2_IRQHandler
                0x0000000008000f40       0x14 ./Core/Src/stm32f1xx_it.o
                0x0000000008000f40                TIM2_IRQHandler
 .text._sbrk    0x0000000008000f54       0x6c ./Core/Src/sysmem.o
                0x0000000008000f54                _sbrk
 .text.SystemInit
                0x0000000008000fc0        0xc ./Core/Src/system_stm32f1xx.o
                0x0000000008000fc0                SystemInit
 .text.traffic_light1
                0x0000000008000fcc       0x8c ./Core/Src/traffic_light.o
                0x0000000008000fcc                traffic_light1
 .text.traffic_light2
                0x0000000008001058       0xac ./Core/Src/traffic_light.o
                0x0000000008001058                traffic_light2
 .text.fsm_automatic_traffic_light
                0x0000000008001104      0x1c0 ./Core/Src/traffic_light.o
                0x0000000008001104                fsm_automatic_traffic_light
 .text.Reset_Handler
                0x00000000080012c4       0x48 ./Core/Startup/startup_stm32f103rbtx.o
                0x00000000080012c4                Reset_Handler
 .text.Default_Handler
                0x000000000800130c        0x2 ./Core/Startup/startup_stm32f103rbtx.o
                0x000000000800130c                RTC_Alarm_IRQHandler
                0x000000000800130c                EXTI2_IRQHandler
                0x000000000800130c                TIM1_CC_IRQHandler
                0x000000000800130c                PVD_IRQHandler
                0x000000000800130c                EXTI3_IRQHandler
                0x000000000800130c                EXTI0_IRQHandler
                0x000000000800130c                I2C2_EV_IRQHandler
                0x000000000800130c                ADC1_2_IRQHandler
                0x000000000800130c                SPI1_IRQHandler
                0x000000000800130c                TAMPER_IRQHandler
                0x000000000800130c                DMA1_Channel4_IRQHandler
                0x000000000800130c                USART3_IRQHandler
                0x000000000800130c                RTC_IRQHandler
                0x000000000800130c                DMA1_Channel7_IRQHandler
                0x000000000800130c                CAN1_RX1_IRQHandler
                0x000000000800130c                TIM4_IRQHandler
                0x000000000800130c                I2C1_EV_IRQHandler
                0x000000000800130c                DMA1_Channel6_IRQHandler
                0x000000000800130c                TIM3_IRQHandler
                0x000000000800130c                RCC_IRQHandler
                0x000000000800130c                TIM1_TRG_COM_IRQHandler
                0x000000000800130c                DMA1_Channel1_IRQHandler
                0x000000000800130c                Default_Handler
                0x000000000800130c                EXTI15_10_IRQHandler
                0x000000000800130c                EXTI9_5_IRQHandler
                0x000000000800130c                SPI2_IRQHandler
                0x000000000800130c                DMA1_Channel5_IRQHandler
                0x000000000800130c                EXTI4_IRQHandler
                0x000000000800130c                USB_LP_CAN1_RX0_IRQHandler
                0x000000000800130c                USB_HP_CAN1_TX_IRQHandler
                0x000000000800130c                DMA1_Channel3_IRQHandler
                0x000000000800130c                TIM1_UP_IRQHandler
                0x000000000800130c                WWDG_IRQHandler
                0x000000000800130c                TIM1_BRK_IRQHandler
                0x000000000800130c                EXTI1_IRQHandler
                0x000000000800130c                USART2_IRQHandler
                0x000000000800130c                I2C2_ER_IRQHandler
                0x000000000800130c                DMA1_Channel2_IRQHandler
                0x000000000800130c                CAN1_SCE_IRQHandler
                0x000000000800130c                FLASH_IRQHandler
                0x000000000800130c                USART1_IRQHandler
                0x000000000800130c                I2C1_ER_IRQHandler
                0x000000000800130c                USBWakeUp_IRQHandler
 *fill*         0x000000000800130e        0x2 
 .text.HAL_Init
                0x0000000008001310       0x2c ./Drivers/STM32F1xx_HAL_Driver/Src/stm32f1xx_hal.o
                0x0000000008001310                HAL_Init
 .text.HAL_InitTick
                0x000000000800133c       0x60 ./Drivers/STM32F1xx_HAL_Driver/Src/stm32f1xx_hal.o
                0x000000000800133c                HAL_InitTick
 .text.HAL_IncTick
                0x000000000800139c       0x24 ./Drivers/STM32F1xx_HAL_Driver/Src/stm32f1xx_hal.o
                0x000000000800139c                HAL_IncTick
 .text.HAL_GetTick
                0x00000000080013c0       0x14 ./Drivers/STM32F1xx_HAL_Driver/Src/stm32f1xx_hal.o
                0x00000000080013c0                HAL_GetTick
 .text.HAL_Delay
                0x00000000080013d4       0x48 ./Drivers/STM32F1xx_HAL_Driver/Src/stm32f1xx_hal.o
                0x00000000080013d4                HAL_Delay
 .text.__NVIC_SetPriorityGrouping
                0x000000000800141c       0x48 ./Drivers/STM32F1xx_HAL_Driver/Src/stm32f1xx_hal_cortex.o
 .text.__NVIC_GetPriorityGrouping
                0x0000000008001464       0x1c ./Drivers/STM32F1xx_HAL_Driver/Src/stm32f1xx_hal_cortex.o
 .text.__NVIC_EnableIRQ
                0x0000000008001480       0x38 ./Drivers/STM32F1xx_HAL_Driver/Src/stm32f1xx_hal_cortex.o
 .text.__NVIC_SetPriority
                0x00000000080014b8       0x54 ./Drivers/STM32F1xx_HAL_Driver/Src/stm32f1xx_hal_cortex.o
 .text.NVIC_EncodePriority
                0x000000000800150c       0x64 ./Drivers/STM32F1xx_HAL_Driver/Src/stm32f1xx_hal_cortex.o
 .text.SysTick_Config
                0x0000000008001570       0x44 ./Drivers/STM32F1xx_HAL_Driver/Src/stm32f1xx_hal_cortex.o
 .text.HAL_NVIC_SetPriorityGrouping
                0x00000000080015b4       0x16 ./Drivers/STM32F1xx_HAL_Driver/Src/stm32f1xx_hal_cortex.o
                0x00000000080015b4                HAL_NVIC_SetPriorityGrouping
 .text.HAL_NVIC_SetPriority
                0x00000000080015ca       0x38 ./Drivers/STM32F1xx_HAL_Driver/Src/stm32f1xx_hal_cortex.o
                0x00000000080015ca                HAL_NVIC_SetPriority
 .text.HAL_NVIC_EnableIRQ
                0x0000000008001602       0x1c ./Drivers/STM32F1xx_HAL_Driver/Src/stm32f1xx_hal_cortex.o
                0x0000000008001602                HAL_NVIC_EnableIRQ
 .text.HAL_SYSTICK_Config
                0x000000000800161e       0x18 ./Drivers/STM32F1xx_HAL_Driver/Src/stm32f1xx_hal_cortex.o
                0x000000000800161e                HAL_SYSTICK_Config
 *fill*         0x0000000008001636        0x2 
 .text.HAL_GPIO_Init
                0x0000000008001638      0x308 ./Drivers/STM32F1xx_HAL_Driver/Src/stm32f1xx_hal_gpio.o
                0x0000000008001638                HAL_GPIO_Init
 .text.HAL_GPIO_ReadPin
                0x0000000008001940       0x2e ./Drivers/STM32F1xx_HAL_Driver/Src/stm32f1xx_hal_gpio.o
                0x0000000008001940                HAL_GPIO_ReadPin
 .text.HAL_GPIO_WritePin
                0x000000000800196e       0x30 ./Drivers/STM32F1xx_HAL_Driver/Src/stm32f1xx_hal_gpio.o
                0x000000000800196e                HAL_GPIO_WritePin
 *fill*         0x000000000800199e        0x2 
 .text.HAL_I2C_Init
                0x00000000080019a0      0x288 ./Drivers/STM32F1xx_HAL_Driver/Src/stm32f1xx_hal_i2c.o
                0x00000000080019a0                HAL_I2C_Init
 .text.HAL_I2C_Master_Transmit
                0x0000000008001c28      0x1fc ./Drivers/STM32F1xx_HAL_Driver/Src/stm32f1xx_hal_i2c.o
                0x0000000008001c28                HAL_I2C_Master_Transmit
 .text.I2C_MasterRequestWrite
                0x0000000008001e24      0x104 ./Drivers/STM32F1xx_HAL_Driver/Src/stm32f1xx_hal_i2c.o
 .text.I2C_WaitOnFlagUntilTimeout
                0x0000000008001f28       0xf4 ./Drivers/STM32F1xx_HAL_Driver/Src/stm32f1xx_hal_i2c.o
 .text.I2C_WaitOnMasterAddressFlagUntilTimeout
                0x000000000800201c      0x140 ./Drivers/STM32F1xx_HAL_Driver/Src/stm32f1xx_hal_i2c.o
 .text.I2C_WaitOnTXEFlagUntilTimeout
                0x000000000800215c       0x90 ./Drivers/STM32F1xx_HAL_Driver/Src/stm32f1xx_hal_i2c.o
 .text.I2C_WaitOnBTFFlagUntilTimeout
                0x00000000080021ec       0x90 ./Drivers/STM32F1xx_HAL_Driver/Src/stm32f1xx_hal_i2c.o
 .text.I2C_IsAcknowledgeFailed
                0x000000000800227c       0x5c ./Drivers/STM32F1xx_HAL_Driver/Src/stm32f1xx_hal_i2c.o
 .text.HAL_RCC_OscConfig
                0x00000000080022d8      0x500 ./Drivers/STM32F1xx_HAL_Driver/Src/stm32f1xx_hal_rcc.o
                0x00000000080022d8                HAL_RCC_OscConfig
 .text.HAL_RCC_ClockConfig
                0x00000000080027d8      0x1d4 ./Drivers/STM32F1xx_HAL_Driver/Src/stm32f1xx_hal_rcc.o
                0x00000000080027d8                HAL_RCC_ClockConfig
 .text.HAL_RCC_GetSysClockFreq
                0x00000000080029ac       0xa8 ./Drivers/STM32F1xx_HAL_Driver/Src/stm32f1xx_hal_rcc.o
                0x00000000080029ac                HAL_RCC_GetSysClockFreq
 .text.HAL_RCC_GetHCLKFreq
                0x0000000008002a54       0x14 ./Drivers/STM32F1xx_HAL_Driver/Src/stm32f1xx_hal_rcc.o
                0x0000000008002a54                HAL_RCC_GetHCLKFreq
 .text.HAL_RCC_GetPCLK1Freq
                0x0000000008002a68       0x28 ./Drivers/STM32F1xx_HAL_Driver/Src/stm32f1xx_hal_rcc.o
                0x0000000008002a68                HAL_RCC_GetPCLK1Freq
 .text.RCC_Delay
                0x0000000008002a90       0x3c ./Drivers/STM32F1xx_HAL_Driver/Src/stm32f1xx_hal_rcc.o
 .text.HAL_TIM_Base_Init
                0x0000000008002acc       0x9e ./Drivers/STM32F1xx_HAL_Driver/Src/stm32f1xx_hal_tim.o
                0x0000000008002acc                HAL_TIM_Base_Init
 *fill*         0x0000000008002b6a        0x2 
 .text.HAL_TIM_Base_Start_IT
                0x0000000008002b6c       0xa4 ./Drivers/STM32F1xx_HAL_Driver/Src/stm32f1xx_hal_tim.o
                0x0000000008002b6c                HAL_TIM_Base_Start_IT
 .text.HAL_TIM_IRQHandler
                0x0000000008002c10      0x1e0 ./Drivers/STM32F1xx_HAL_Driver/Src/stm32f1xx_hal_tim.o
                0x0000000008002c10                HAL_TIM_IRQHandler
 .text.HAL_TIM_ConfigClockSource
                0x0000000008002df0      0x18e ./Drivers/STM32F1xx_HAL_Driver/Src/stm32f1xx_hal_tim.o
                0x0000000008002df0                HAL_TIM_ConfigClockSource
 .text.HAL_TIM_OC_DelayElapsedCallback
                0x0000000008002f7e       0x12 ./Drivers/STM32F1xx_HAL_Driver/Src/stm32f1xx_hal_tim.o
                0x0000000008002f7e                HAL_TIM_OC_DelayElapsedCallback
 .text.HAL_TIM_IC_CaptureCallback
                0x0000000008002f90       0x12 ./Drivers/STM32F1xx_HAL_Driver/Src/stm32f1xx_hal_tim.o
                0x0000000008002f90                HAL_TIM_IC_CaptureCallback
 .text.HAL_TIM_PWM_PulseFinishedCallback
                0x0000000008002fa2       0x12 ./Drivers/STM32F1xx_HAL_Driver/Src/stm32f1xx_hal_tim.o
                0x0000000008002fa2                HAL_TIM_PWM_PulseFinishedCallback
 .text.HAL_TIM_TriggerCallback
                0x0000000008002fb4       0x12 ./Drivers/STM32F1xx_HAL_Driver/Src/stm32f1xx_hal_tim.o
                0x0000000008002fb4                HAL_TIM_TriggerCallback
 *fill*         0x0000000008002fc6        0x2 
 .text.TIM_Base_SetConfig
                0x0000000008002fc8       0xdc ./Drivers/STM32F1xx_HAL_Driver/Src/stm32f1xx_hal_tim.o
                0x0000000008002fc8                TIM_Base_SetConfig
 .text.TIM_TI1_ConfigInputStage
                0x00000000080030a4       0x5c ./Drivers/STM32F1xx_HAL_Driver/Src/stm32f1xx_hal_tim.o
 .text.TIM_TI2_ConfigInputStage
                0x0000000008003100       0x5e ./Drivers/STM32F1xx_HAL_Driver/Src/stm32f1xx_hal_tim.o
 .text.TIM_ITRx_SetConfig
                0x000000000800315e       0x34 ./Drivers/STM32F1xx_HAL_Driver/Src/stm32f1xx_hal_tim.o
 .text.TIM_ETR_SetConfig
                0x0000000008003192       0x3e ./Drivers/STM32F1xx_HAL_Driver/Src/stm32f1xx_hal_tim.o
                0x0000000008003192                TIM_ETR_SetConfig
 .text.HAL_TIMEx_MasterConfigSynchronization
                0x00000000080031d0       0xbc ./Drivers/STM32F1xx_HAL_Driver/Src/stm32f1xx_hal_tim_ex.o
                0x00000000080031d0                HAL_TIMEx_MasterConfigSynchronization
 .text.HAL_TIMEx_CommutCallback
                0x000000000800328c       0x12 ./Drivers/STM32F1xx_HAL_Driver/Src/stm32f1xx_hal_tim_ex.o
                0x000000000800328c                HAL_TIMEx_CommutCallback
 .text.HAL_TIMEx_BreakCallback
                0x000000000800329e       0x12 ./Drivers/STM32F1xx_HAL_Driver/Src/stm32f1xx_hal_tim_ex.o
                0x000000000800329e                HAL_TIMEx_BreakCallback
 .text.__errno  0x00000000080032b0        0xc c:/st/stm32cubeide_1.7.0/stm32cubeide/plugins/com.st.stm32cube.ide.mcu.externaltools.gnu-tools-for-stm32.9-2020-q2-update.win32_2.0.0.202105311346/tools/bin/../lib/gcc/arm-none-eabi/9.3.1/../../../../arm-none-eabi/lib/thumb/v7-m/nofp\libc_nano.a(lib_a-errno.o)
                0x00000000080032b0                __errno
 .text.__libc_init_array
                0x00000000080032bc       0x48 c:/st/stm32cubeide_1.7.0/stm32cubeide/plugins/com.st.stm32cube.ide.mcu.externaltools.gnu-tools-for-stm32.9-2020-q2-update.win32_2.0.0.202105311346/tools/bin/../lib/gcc/arm-none-eabi/9.3.1/../../../../arm-none-eabi/lib/thumb/v7-m/nofp\libc_nano.a(lib_a-init.o)
                0x00000000080032bc                __libc_init_array
 .text.memset   0x0000000008003304       0x10 c:/st/stm32cubeide_1.7.0/stm32cubeide/plugins/com.st.stm32cube.ide.mcu.externaltools.gnu-tools-for-stm32.9-2020-q2-update.win32_2.0.0.202105311346/tools/bin/../lib/gcc/arm-none-eabi/9.3.1/../../../../arm-none-eabi/lib/thumb/v7-m/nofp\libc_nano.a(lib_a-memset.o)
                0x0000000008003304                memset
 .text.sprintf  0x0000000008003314       0x40 c:/st/stm32cubeide_1.7.0/stm32cubeide/plugins/com.st.stm32cube.ide.mcu.externaltools.gnu-tools-for-stm32.9-2020-q2-update.win32_2.0.0.202105311346/tools/bin/../lib/gcc/arm-none-eabi/9.3.1/../../../../arm-none-eabi/lib/thumb/v7-m/nofp\libc_nano.a(lib_a-sprintf.o)
                0x0000000008003314                siprintf
                0x0000000008003314                sprintf
 .text.__ssputs_r
                0x0000000008003354       0xb6 c:/st/stm32cubeide_1.7.0/stm32cubeide/plugins/com.st.stm32cube.ide.mcu.externaltools.gnu-tools-for-stm32.9-2020-q2-update.win32_2.0.0.202105311346/tools/bin/../lib/gcc/arm-none-eabi/9.3.1/../../../../arm-none-eabi/lib/thumb/v7-m/nofp\libc_nano.a(lib_a-nano-svfprintf.o)
                0x0000000008003354                __ssputs_r
 *fill*         0x000000000800340a        0x2 
 .text._svfprintf_r
                0x000000000800340c      0x200 c:/st/stm32cubeide_1.7.0/stm32cubeide/plugins/com.st.stm32cube.ide.mcu.externaltools.gnu-tools-for-stm32.9-2020-q2-update.win32_2.0.0.202105311346/tools/bin/../lib/gcc/arm-none-eabi/9.3.1/../../../../arm-none-eabi/lib/thumb/v7-m/nofp\libc_nano.a(lib_a-nano-svfprintf.o)
                0x000000000800340c                _svfiprintf_r
                0x000000000800340c                _svfprintf_r
 .text._printf_common
                0x000000000800360c       0xde c:/st/stm32cubeide_1.7.0/stm32cubeide/plugins/com.st.stm32cube.ide.mcu.externaltools.gnu-tools-for-stm32.9-2020-q2-update.win32_2.0.0.202105311346/tools/bin/../lib/gcc/arm-none-eabi/9.3.1/../../../../arm-none-eabi/lib/thumb/v7-m/nofp\libc_nano.a(lib_a-nano-vfprintf_i.o)
                0x000000000800360c                _printf_common
 *fill*         0x00000000080036ea        0x2 
 .text._printf_i
                0x00000000080036ec      0x24c c:/st/stm32cubeide_1.7.0/stm32cubeide/plugins/com.st.stm32cube.ide.mcu.externaltools.gnu-tools-for-stm32.9-2020-q2-update.win32_2.0.0.202105311346/tools/bin/../lib/gcc/arm-none-eabi/9.3.1/../../../../arm-none-eabi/lib/thumb/v7-m/nofp\libc_nano.a(lib_a-nano-vfprintf_i.o)
                0x00000000080036ec                _printf_i
 .text.memchr   0x0000000008003938       0x1c c:/st/stm32cubeide_1.7.0/stm32cubeide/plugins/com.st.stm32cube.ide.mcu.externaltools.gnu-tools-for-stm32.9-2020-q2-update.win32_2.0.0.202105311346/tools/bin/../lib/gcc/arm-none-eabi/9.3.1/../../../../arm-none-eabi/lib/thumb/v7-m/nofp\libc_nano.a(lib_a-memchr-stub.o)
                0x0000000008003938                memchr
 .text.memcpy   0x0000000008003954       0x1c c:/st/stm32cubeide_1.7.0/stm32cubeide/plugins/com.st.stm32cube.ide.mcu.externaltools.gnu-tools-for-stm32.9-2020-q2-update.win32_2.0.0.202105311346/tools/bin/../lib/gcc/arm-none-eabi/9.3.1/../../../../arm-none-eabi/lib/thumb/v7-m/nofp\libc_nano.a(lib_a-memcpy-stub.o)
                0x0000000008003954                memcpy
 .text.memmove  0x0000000008003970       0x34 c:/st/stm32cubeide_1.7.0/stm32cubeide/plugins/com.st.stm32cube.ide.mcu.externaltools.gnu-tools-for-stm32.9-2020-q2-update.win32_2.0.0.202105311346/tools/bin/../lib/gcc/arm-none-eabi/9.3.1/../../../../arm-none-eabi/lib/thumb/v7-m/nofp\libc_nano.a(lib_a-memmove.o)
                0x0000000008003970                memmove
 .text._free_r  0x00000000080039a4       0x98 c:/st/stm32cubeide_1.7.0/stm32cubeide/plugins/com.st.stm32cube.ide.mcu.externaltools.gnu-tools-for-stm32.9-2020-q2-update.win32_2.0.0.202105311346/tools/bin/../lib/gcc/arm-none-eabi/9.3.1/../../../../arm-none-eabi/lib/thumb/v7-m/nofp\libc_nano.a(lib_a-nano-freer.o)
                0x00000000080039a4                _free_r
 .text._malloc_r
                0x0000000008003a3c       0xb4 c:/st/stm32cubeide_1.7.0/stm32cubeide/plugins/com.st.stm32cube.ide.mcu.externaltools.gnu-tools-for-stm32.9-2020-q2-update.win32_2.0.0.202105311346/tools/bin/../lib/gcc/arm-none-eabi/9.3.1/../../../../arm-none-eabi/lib/thumb/v7-m/nofp\libc_nano.a(lib_a-nano-mallocr.o)
                0x0000000008003a3c                _malloc_r
 .text._realloc_r
                0x0000000008003af0       0x4c c:/st/stm32cubeide_1.7.0/stm32cubeide/plugins/com.st.stm32cube.ide.mcu.externaltools.gnu-tools-for-stm32.9-2020-q2-update.win32_2.0.0.202105311346/tools/bin/../lib/gcc/arm-none-eabi/9.3.1/../../../../arm-none-eabi/lib/thumb/v7-m/nofp\libc_nano.a(lib_a-nano-reallocr.o)
                0x0000000008003af0                _realloc_r
 .text._sbrk_r  0x0000000008003b3c       0x20 c:/st/stm32cubeide_1.7.0/stm32cubeide/plugins/com.st.stm32cube.ide.mcu.externaltools.gnu-tools-for-stm32.9-2020-q2-update.win32_2.0.0.202105311346/tools/bin/../lib/gcc/arm-none-eabi/9.3.1/../../../../arm-none-eabi/lib/thumb/v7-m/nofp\libc_nano.a(lib_a-sbrkr.o)
                0x0000000008003b3c                _sbrk_r
 .text.__malloc_lock
                0x0000000008003b5c        0xc c:/st/stm32cubeide_1.7.0/stm32cubeide/plugins/com.st.stm32cube.ide.mcu.externaltools.gnu-tools-for-stm32.9-2020-q2-update.win32_2.0.0.202105311346/tools/bin/../lib/gcc/arm-none-eabi/9.3.1/../../../../arm-none-eabi/lib/thumb/v7-m/nofp\libc_nano.a(lib_a-mlock.o)
                0x0000000008003b5c                __malloc_lock
 .text.__malloc_unlock
                0x0000000008003b68        0xc c:/st/stm32cubeide_1.7.0/stm32cubeide/plugins/com.st.stm32cube.ide.mcu.externaltools.gnu-tools-for-stm32.9-2020-q2-update.win32_2.0.0.202105311346/tools/bin/../lib/gcc/arm-none-eabi/9.3.1/../../../../arm-none-eabi/lib/thumb/v7-m/nofp\libc_nano.a(lib_a-mlock.o)
                0x0000000008003b68                __malloc_unlock
 .text._malloc_usable_size_r
                0x0000000008003b74       0x10 c:/st/stm32cubeide_1.7.0/stm32cubeide/plugins/com.st.stm32cube.ide.mcu.externaltools.gnu-tools-for-stm32.9-2020-q2-update.win32_2.0.0.202105311346/tools/bin/../lib/gcc/arm-none-eabi/9.3.1/../../../../arm-none-eabi/lib/thumb/v7-m/nofp\libc_nano.a(lib_a-nano-msizer.o)
                0x0000000008003b74                _malloc_usable_size_r
 .text.__retarget_lock_acquire_recursive
                0x0000000008003b84        0x2 c:/st/stm32cubeide_1.7.0/stm32cubeide/plugins/com.st.stm32cube.ide.mcu.externaltools.gnu-tools-for-stm32.9-2020-q2-update.win32_2.0.0.202105311346/tools/bin/../lib/gcc/arm-none-eabi/9.3.1/../../../../arm-none-eabi/lib/thumb/v7-m/nofp\libc_nano.a(lib_a-lock.o)
                0x0000000008003b84                __retarget_lock_acquire_recursive
 .text.__retarget_lock_release_recursive
                0x0000000008003b86        0x2 c:/st/stm32cubeide_1.7.0/stm32cubeide/plugins/com.st.stm32cube.ide.mcu.externaltools.gnu-tools-for-stm32.9-2020-q2-update.win32_2.0.0.202105311346/tools/bin/../lib/gcc/arm-none-eabi/9.3.1/../../../../arm-none-eabi/lib/thumb/v7-m/nofp\libc_nano.a(lib_a-lock.o)
                0x0000000008003b86                __retarget_lock_release_recursive
 *(.glue_7)
 .glue_7        0x0000000008003b88        0x0 linker stubs
 *(.glue_7t)
 .glue_7t       0x0000000008003b88        0x0 linker stubs
 *(.eh_frame)
 .eh_frame      0x0000000008003b88        0x0 c:/st/stm32cubeide_1.7.0/stm32cubeide/plugins/com.st.stm32cube.ide.mcu.externaltools.gnu-tools-for-stm32.9-2020-q2-update.win32_2.0.0.202105311346/tools/bin/../lib/gcc/arm-none-eabi/9.3.1/thumb/v7-m/nofp/crtbegin.o
 *(.init)
 .init          0x0000000008003b88        0x4 c:/st/stm32cubeide_1.7.0/stm32cubeide/plugins/com.st.stm32cube.ide.mcu.externaltools.gnu-tools-for-stm32.9-2020-q2-update.win32_2.0.0.202105311346/tools/bin/../lib/gcc/arm-none-eabi/9.3.1/thumb/v7-m/nofp/crti.o
                0x0000000008003b88                _init
 .init          0x0000000008003b8c        0x8 c:/st/stm32cubeide_1.7.0/stm32cubeide/plugins/com.st.stm32cube.ide.mcu.externaltools.gnu-tools-for-stm32.9-2020-q2-update.win32_2.0.0.202105311346/tools/bin/../lib/gcc/arm-none-eabi/9.3.1/thumb/v7-m/nofp/crtn.o
 *(.fini)
 .fini          0x0000000008003b94        0x4 c:/st/stm32cubeide_1.7.0/stm32cubeide/plugins/com.st.stm32cube.ide.mcu.externaltools.gnu-tools-for-stm32.9-2020-q2-update.win32_2.0.0.202105311346/tools/bin/../lib/gcc/arm-none-eabi/9.3.1/thumb/v7-m/nofp/crti.o
                0x0000000008003b94                _fini
 .fini          0x0000000008003b98        0x8 c:/st/stm32cubeide_1.7.0/stm32cubeide/plugins/com.st.stm32cube.ide.mcu.externaltools.gnu-tools-for-stm32.9-2020-q2-update.win32_2.0.0.202105311346/tools/bin/../lib/gcc/arm-none-eabi/9.3.1/thumb/v7-m/nofp/crtn.o
                0x0000000008003ba0                . = ALIGN (0x4)
                0x0000000008003ba0                _etext = .

.vfp11_veneer   0x0000000008003ba0        0x0
 .vfp11_veneer  0x0000000008003ba0        0x0 linker stubs

.v4_bx          0x0000000008003ba0        0x0
 .v4_bx         0x0000000008003ba0        0x0 linker stubs

.iplt           0x0000000008003ba0        0x0
 .iplt          0x0000000008003ba0        0x0 c:/st/stm32cubeide_1.7.0/stm32cubeide/plugins/com.st.stm32cube.ide.mcu.externaltools.gnu-tools-for-stm32.9-2020-q2-update.win32_2.0.0.202105311346/tools/bin/../lib/gcc/arm-none-eabi/9.3.1/thumb/v7-m/nofp/crtbegin.o

.rodata         0x0000000008003ba0       0x70
                0x0000000008003ba0                . = ALIGN (0x4)
 *(.rodata)
 .rodata        0x0000000008003ba0        0x3 ./Core/Src/display7segment.o
 *fill*         0x0000000008003ba3        0x1 
 .rodata        0x0000000008003ba4        0xa ./Core/Src/fsm_manual.o
 *(.rodata*)
 *fill*         0x0000000008003bae        0x2 
 .rodata.AHBPrescTable
                0x0000000008003bb0       0x10 ./Core/Src/system_stm32f1xx.o
                0x0000000008003bb0                AHBPrescTable
 .rodata.APBPrescTable
                0x0000000008003bc0        0x8 ./Core/Src/system_stm32f1xx.o
                0x0000000008003bc0                APBPrescTable
 .rodata.aPLLMULFactorTable.6283
                0x0000000008003bc8       0x10 ./Drivers/STM32F1xx_HAL_Driver/Src/stm32f1xx_hal_rcc.o
 .rodata.aPredivFactorTable.6284
                0x0000000008003bd8        0x2 ./Drivers/STM32F1xx_HAL_Driver/Src/stm32f1xx_hal_rcc.o
 .rodata._svfprintf_r.str1.1
                0x0000000008003bda       0x11 c:/st/stm32cubeide_1.7.0/stm32cubeide/plugins/com.st.stm32cube.ide.mcu.externaltools.gnu-tools-for-stm32.9-2020-q2-update.win32_2.0.0.202105311346/tools/bin/../lib/gcc/arm-none-eabi/9.3.1/../../../../arm-none-eabi/lib/thumb/v7-m/nofp\libc_nano.a(lib_a-nano-svfprintf.o)
 .rodata._printf_i.str1.1
                0x0000000008003beb       0x22 c:/st/stm32cubeide_1.7.0/stm32cubeide/plugins/com.st.stm32cube.ide.mcu.externaltools.gnu-tools-for-stm32.9-2020-q2-update.win32_2.0.0.202105311346/tools/bin/../lib/gcc/arm-none-eabi/9.3.1/../../../../arm-none-eabi/lib/thumb/v7-m/nofp\libc_nano.a(lib_a-nano-vfprintf_i.o)
                0x0000000008003c10                . = ALIGN (0x4)
 *fill*         0x0000000008003c0d        0x3 

.rel.dyn        0x0000000008003c10        0x0
 .rel.iplt      0x0000000008003c10        0x0 c:/st/stm32cubeide_1.7.0/stm32cubeide/plugins/com.st.stm32cube.ide.mcu.externaltools.gnu-tools-for-stm32.9-2020-q2-update.win32_2.0.0.202105311346/tools/bin/../lib/gcc/arm-none-eabi/9.3.1/thumb/v7-m/nofp/crtbegin.o

.ARM.extab      0x0000000008003c10        0x0
                0x0000000008003c10                . = ALIGN (0x4)
 *(.ARM.extab* .gnu.linkonce.armextab.*)
                0x0000000008003c10                . = ALIGN (0x4)

.ARM            0x0000000008003c10        0x0
                0x0000000008003c10                . = ALIGN (0x4)
                0x0000000008003c10                __exidx_start = .
 *(.ARM.exidx*)
                0x0000000008003c10                __exidx_end = .
                0x0000000008003c10                . = ALIGN (0x4)

.preinit_array  0x0000000008003c10        0x0
                0x0000000008003c10                . = ALIGN (0x4)
                0x0000000008003c10                PROVIDE (__preinit_array_start = .)
 *(.preinit_array*)
                0x0000000008003c10                PROVIDE (__preinit_array_end = .)
                0x0000000008003c10                . = ALIGN (0x4)

.init_array     0x0000000008003c10        0x4
                0x0000000008003c10                . = ALIGN (0x4)
                0x0000000008003c10                PROVIDE (__init_array_start = .)
 *(SORT_BY_NAME(.init_array.*))
 *(.init_array*)
 .init_array    0x0000000008003c10        0x4 c:/st/stm32cubeide_1.7.0/stm32cubeide/plugins/com.st.stm32cube.ide.mcu.externaltools.gnu-tools-for-stm32.9-2020-q2-update.win32_2.0.0.202105311346/tools/bin/../lib/gcc/arm-none-eabi/9.3.1/thumb/v7-m/nofp/crtbegin.o
                0x0000000008003c14                PROVIDE (__init_array_end = .)
                0x0000000008003c14                . = ALIGN (0x4)

.fini_array     0x0000000008003c14        0x4
                0x0000000008003c14                . = ALIGN (0x4)
                [!provide]                        PROVIDE (__fini_array_start = .)
 *(SORT_BY_NAME(.fini_array.*))
 *(.fini_array*)
 .fini_array    0x0000000008003c14        0x4 c:/st/stm32cubeide_1.7.0/stm32cubeide/plugins/com.st.stm32cube.ide.mcu.externaltools.gnu-tools-for-stm32.9-2020-q2-update.win32_2.0.0.202105311346/tools/bin/../lib/gcc/arm-none-eabi/9.3.1/thumb/v7-m/nofp/crtbegin.o
                [!provide]                        PROVIDE (__fini_array_end = .)
                0x0000000008003c18                . = ALIGN (0x4)
                0x0000000008003c18                _sidata = LOADADDR (.data)

.data           0x0000000020000000       0xc8 load address 0x0000000008003c18
                0x0000000020000000                . = ALIGN (0x4)
                0x0000000020000000                _sdata = .
 *(.data)
 *(.data*)
 .data.KeyReg0  0x0000000020000000        0xc ./Core/Src/button.o
                0x0000000020000000                KeyReg0
 .data.KeyReg1  0x000000002000000c        0xc ./Core/Src/button.o
                0x000000002000000c                KeyReg1
 .data.KeyReg2  0x0000000020000018        0xc ./Core/Src/button.o
                0x0000000020000018                KeyReg2
 .data.KeyReg3  0x0000000020000024        0xc ./Core/Src/button.o
                0x0000000020000024                KeyReg3
 .data.TimeOutForKeyPress
                0x0000000020000030        0xc ./Core/Src/button.o
                0x0000000020000030                TimeOutForKeyPress
 .data.BUTTON   0x000000002000003c        0x6 ./Core/Src/global.o
                0x000000002000003c                BUTTON
 *fill*         0x0000000020000042        0x2 
 .data.TIME_RED
                0x0000000020000044        0x4 ./Core/Src/global.o
                0x0000000020000044                TIME_RED
 .data.TIME_YELLOW
                0x0000000020000048        0x4 ./Core/Src/global.o
                0x0000000020000048                TIME_YELLOW
 .data.TIME_GREEN
                0x000000002000004c        0x4 ./Core/Src/global.o
                0x000000002000004c                TIME_GREEN
 .data.TIME_BLINK
                0x0000000020000050        0x4 ./Core/Src/global.o
                0x0000000020000050                TIME_BLINK
 .data.TIMER_DEVICE
                0x0000000020000054        0x4 ./Core/Src/software_timer.o
                0x0000000020000054                TIMER_DEVICE
 .data.SystemCoreClock
                0x0000000020000058        0x4 ./Core/Src/system_stm32f1xx.o
                0x0000000020000058                SystemCoreClock
 .data.uwTickPrio
                0x000000002000005c        0x4 ./Drivers/STM32F1xx_HAL_Driver/Src/stm32f1xx_hal.o
                0x000000002000005c                uwTickPrio
 .data.uwTickFreq
                0x0000000020000060        0x1 ./Drivers/STM32F1xx_HAL_Driver/Src/stm32f1xx_hal.o
                0x0000000020000060                uwTickFreq
 *fill*         0x0000000020000061        0x3 
 .data._impure_ptr
                0x0000000020000064        0x4 c:/st/stm32cubeide_1.7.0/stm32cubeide/plugins/com.st.stm32cube.ide.mcu.externaltools.gnu-tools-for-stm32.9-2020-q2-update.win32_2.0.0.202105311346/tools/bin/../lib/gcc/arm-none-eabi/9.3.1/../../../../arm-none-eabi/lib/thumb/v7-m/nofp\libc_nano.a(lib_a-impure.o)
                0x0000000020000064                _impure_ptr
 .data.impure_data
                0x0000000020000068       0x60 c:/st/stm32cubeide_1.7.0/stm32cubeide/plugins/com.st.stm32cube.ide.mcu.externaltools.gnu-tools-for-stm32.9-2020-q2-update.win32_2.0.0.202105311346/tools/bin/../lib/gcc/arm-none-eabi/9.3.1/../../../../arm-none-eabi/lib/thumb/v7-m/nofp\libc_nano.a(lib_a-impure.o)
 *(.RamFunc)
 *(.RamFunc*)
                0x00000000200000c8                . = ALIGN (0x4)
                0x00000000200000c8                _edata = .

.igot.plt       0x00000000200000c8        0x0 load address 0x0000000008003ce0
 .igot.plt      0x00000000200000c8        0x0 c:/st/stm32cubeide_1.7.0/stm32cubeide/plugins/com.st.stm32cube.ide.mcu.externaltools.gnu-tools-for-stm32.9-2020-q2-update.win32_2.0.0.202105311346/tools/bin/../lib/gcc/arm-none-eabi/9.3.1/thumb/v7-m/nofp/crtbegin.o
                0x00000000200000c8                . = ALIGN (0x4)

.bss            0x00000000200000c8      0x160 load address 0x0000000008003ce0
                0x00000000200000c8                _sbss = .
                0x00000000200000c8                __bss_start__ = _sbss
 *(.bss)
 .bss           0x00000000200000c8       0x1c c:/st/stm32cubeide_1.7.0/stm32cubeide/plugins/com.st.stm32cube.ide.mcu.externaltools.gnu-tools-for-stm32.9-2020-q2-update.win32_2.0.0.202105311346/tools/bin/../lib/gcc/arm-none-eabi/9.3.1/thumb/v7-m/nofp/crtbegin.o
 *(.bss*)
 .bss.button1_flag
                0x00000000200000e4        0xc ./Core/Src/button.o
                0x00000000200000e4                button1_flag
 .bss.status0   0x00000000200000f0        0x4 ./Core/Src/global.o
                0x00000000200000f0                status0
 .bss.status1   0x00000000200000f4        0x4 ./Core/Src/global.o
                0x00000000200000f4                status1
 .bss.status2   0x00000000200000f8        0x4 ./Core/Src/global.o
                0x00000000200000f8                status2
 .bss.status3   0x00000000200000fc        0x4 ./Core/Src/global.o
                0x00000000200000fc                status3
 .bss.status4   0x0000000020000100        0x4 ./Core/Src/global.o
                0x0000000020000100                status4
 .bss.time_mid  0x0000000020000104        0x4 ./Core/Src/global.o
                0x0000000020000104                time_mid
 .bss.time_lane1
                0x0000000020000108        0x4 ./Core/Src/global.o
                0x0000000020000108                time_lane1
 .bss.time_lane2
                0x000000002000010c        0x4 ./Core/Src/global.o
                0x000000002000010c                time_lane2
 .bss.__sbrk_heap_end
                0x0000000020000110        0x4 ./Core/Src/sysmem.o
 .bss.__malloc_free_list
                0x0000000020000114        0x4 c:/st/stm32cubeide_1.7.0/stm32cubeide/plugins/com.st.stm32cube.ide.mcu.externaltools.gnu-tools-for-stm32.9-2020-q2-update.win32_2.0.0.202105311346/tools/bin/../lib/gcc/arm-none-eabi/9.3.1/../../../../arm-none-eabi/lib/thumb/v7-m/nofp\libc_nano.a(lib_a-nano-mallocr.o)
                0x0000000020000114                __malloc_free_list
 .bss.__malloc_sbrk_start
                0x0000000020000118        0x4 c:/st/stm32cubeide_1.7.0/stm32cubeide/plugins/com.st.stm32cube.ide.mcu.externaltools.gnu-tools-for-stm32.9-2020-q2-update.win32_2.0.0.202105311346/tools/bin/../lib/gcc/arm-none-eabi/9.3.1/../../../../arm-none-eabi/lib/thumb/v7-m/nofp\libc_nano.a(lib_a-nano-mallocr.o)
                0x0000000020000118                __malloc_sbrk_start
 *(COMMON)
 COMMON         0x000000002000011c        0xa ./Core/Src/display7segment.o
                0x000000002000011c                tam_str
 *fill*         0x0000000020000126        0x2 
 COMMON         0x0000000020000128       0x9c ./Core/Src/main.o
                0x0000000020000128                hi2c1
                0x000000002000017c                htim2
 COMMON         0x00000000200001c4       0x50 ./Core/Src/software_timer.o
                0x00000000200001c4                timer_counter
                0x00000000200001ec                timer_flag
 COMMON         0x0000000020000214        0x4 ./Drivers/STM32F1xx_HAL_Driver/Src/stm32f1xx_hal.o
                0x0000000020000214                uwTick
 COMMON         0x0000000020000218        0x4 c:/st/stm32cubeide_1.7.0/stm32cubeide/plugins/com.st.stm32cube.ide.mcu.externaltools.gnu-tools-for-stm32.9-2020-q2-update.win32_2.0.0.202105311346/tools/bin/../lib/gcc/arm-none-eabi/9.3.1/../../../../arm-none-eabi/lib/thumb/v7-m/nofp\libc_nano.a(lib_a-reent.o)
                0x0000000020000218                errno
 COMMON         0x000000002000021c        0x9 c:/st/stm32cubeide_1.7.0/stm32cubeide/plugins/com.st.stm32cube.ide.mcu.externaltools.gnu-tools-for-stm32.9-2020-q2-update.win32_2.0.0.202105311346/tools/bin/../lib/gcc/arm-none-eabi/9.3.1/../../../../arm-none-eabi/lib/thumb/v7-m/nofp\libc_nano.a(lib_a-lock.o)
                0x000000002000021c                __lock___atexit_recursive_mutex
                0x000000002000021d                __lock___arc4random_mutex
                0x000000002000021e                __lock___env_recursive_mutex
                0x000000002000021f                __lock___sinit_recursive_mutex
                0x0000000020000220                __lock___malloc_recursive_mutex
                0x0000000020000221                __lock___at_quick_exit_mutex
                0x0000000020000222                __lock___dd_hash_mutex
                0x0000000020000223                __lock___tz_mutex
                0x0000000020000224                __lock___sfp_recursive_mutex
                0x0000000020000228                . = ALIGN (0x4)
 *fill*         0x0000000020000225        0x3 
                0x0000000020000228                _ebss = .
                0x0000000020000228                __bss_end__ = _ebss

._user_heap_stack
                0x0000000020000228      0x600 load address 0x0000000008003ce0
                0x0000000020000228                . = ALIGN (0x8)
                [!provide]                        PROVIDE (end = .)
                0x0000000020000228                PROVIDE (_end = .)
                0x0000000020000428                . = (. + _Min_Heap_Size)
 *fill*         0x0000000020000228      0x200 
                0x0000000020000828                . = (. + _Min_Stack_Size)
 *fill*         0x0000000020000428      0x400 
                0x0000000020000828                . = ALIGN (0x8)

/DISCARD/
 libc.a(*)
 libm.a(*)
 libgcc.a(*)

.ARM.attributes
                0x0000000000000000       0x29
 *(.ARM.attributes)
 .ARM.attributes
                0x0000000000000000       0x1d c:/st/stm32cubeide_1.7.0/stm32cubeide/plugins/com.st.stm32cube.ide.mcu.externaltools.gnu-tools-for-stm32.9-2020-q2-update.win32_2.0.0.202105311346/tools/bin/../lib/gcc/arm-none-eabi/9.3.1/thumb/v7-m/nofp/crti.o
 .ARM.attributes
                0x000000000000001d       0x2d c:/st/stm32cubeide_1.7.0/stm32cubeide/plugins/com.st.stm32cube.ide.mcu.externaltools.gnu-tools-for-stm32.9-2020-q2-update.win32_2.0.0.202105311346/tools/bin/../lib/gcc/arm-none-eabi/9.3.1/thumb/v7-m/nofp/crtbegin.o
 .ARM.attributes
                0x000000000000004a       0x2d ./Core/Src/button.o
 .ARM.attributes
                0x0000000000000077       0x2d ./Core/Src/display7segment.o
 .ARM.attributes
                0x00000000000000a4       0x2d ./Core/Src/fsm_automatic.o
 .ARM.attributes
                0x00000000000000d1       0x2d ./Core/Src/fsm_manual.o
 .ARM.attributes
                0x00000000000000fe       0x2d ./Core/Src/fsm_setting.o
 .ARM.attributes
                0x000000000000012b       0x33 ./Core/Src/global.o
 .ARM.attributes
                0x000000000000015e       0x2d ./Core/Src/i2c-lcd.o
 .ARM.attributes
                0x000000000000018b       0x2d ./Core/Src/main.o
 .ARM.attributes
                0x00000000000001b8       0x2d ./Core/Src/software_timer.o
 .ARM.attributes
                0x00000000000001e5       0x2d ./Core/Src/stm32f1xx_hal_msp.o
 .ARM.attributes
                0x0000000000000212       0x2d ./Core/Src/stm32f1xx_it.o
 .ARM.attributes
                0x000000000000023f       0x2d ./Core/Src/sysmem.o
 .ARM.attributes
                0x000000000000026c       0x2d ./Core/Src/system_stm32f1xx.o
 .ARM.attributes
                0x0000000000000299       0x2d ./Core/Src/traffic_light.o
 .ARM.attributes
                0x00000000000002c6       0x21 ./Core/Startup/startup_stm32f103rbtx.o
 .ARM.attributes
                0x00000000000002e7       0x2d ./Drivers/STM32F1xx_HAL_Driver/Src/stm32f1xx_hal.o
 .ARM.attributes
                0x0000000000000314       0x2d ./Drivers/STM32F1xx_HAL_Driver/Src/stm32f1xx_hal_cortex.o
 .ARM.attributes
                0x0000000000000341       0x2d ./Drivers/STM32F1xx_HAL_Driver/Src/stm32f1xx_hal_gpio.o
 .ARM.attributes
                0x000000000000036e       0x2d ./Drivers/STM32F1xx_HAL_Driver/Src/stm32f1xx_hal_i2c.o
 .ARM.attributes
                0x000000000000039b       0x2d ./Drivers/STM32F1xx_HAL_Driver/Src/stm32f1xx_hal_rcc.o
 .ARM.attributes
                0x00000000000003c8       0x2d ./Drivers/STM32F1xx_HAL_Driver/Src/stm32f1xx_hal_tim.o
 .ARM.attributes
                0x00000000000003f5       0x2d ./Drivers/STM32F1xx_HAL_Driver/Src/stm32f1xx_hal_tim_ex.o
 .ARM.attributes
                0x0000000000000422       0x2d c:/st/stm32cubeide_1.7.0/stm32cubeide/plugins/com.st.stm32cube.ide.mcu.externaltools.gnu-tools-for-stm32.9-2020-q2-update.win32_2.0.0.202105311346/tools/bin/../lib/gcc/arm-none-eabi/9.3.1/../../../../arm-none-eabi/lib/thumb/v7-m/nofp\libc_nano.a(lib_a-errno.o)
 .ARM.attributes
                0x000000000000044f       0x2d c:/st/stm32cubeide_1.7.0/stm32cubeide/plugins/com.st.stm32cube.ide.mcu.externaltools.gnu-tools-for-stm32.9-2020-q2-update.win32_2.0.0.202105311346/tools/bin/../lib/gcc/arm-none-eabi/9.3.1/../../../../arm-none-eabi/lib/thumb/v7-m/nofp\libc_nano.a(lib_a-impure.o)
 .ARM.attributes
                0x000000000000047c       0x2d c:/st/stm32cubeide_1.7.0/stm32cubeide/plugins/com.st.stm32cube.ide.mcu.externaltools.gnu-tools-for-stm32.9-2020-q2-update.win32_2.0.0.202105311346/tools/bin/../lib/gcc/arm-none-eabi/9.3.1/../../../../arm-none-eabi/lib/thumb/v7-m/nofp\libc_nano.a(lib_a-init.o)
 .ARM.attributes
                0x00000000000004a9       0x2d c:/st/stm32cubeide_1.7.0/stm32cubeide/plugins/com.st.stm32cube.ide.mcu.externaltools.gnu-tools-for-stm32.9-2020-q2-update.win32_2.0.0.202105311346/tools/bin/../lib/gcc/arm-none-eabi/9.3.1/../../../../arm-none-eabi/lib/thumb/v7-m/nofp\libc_nano.a(lib_a-memset.o)
 .ARM.attributes
                0x00000000000004d6       0x2d c:/st/stm32cubeide_1.7.0/stm32cubeide/plugins/com.st.stm32cube.ide.mcu.externaltools.gnu-tools-for-stm32.9-2020-q2-update.win32_2.0.0.202105311346/tools/bin/../lib/gcc/arm-none-eabi/9.3.1/../../../../arm-none-eabi/lib/thumb/v7-m/nofp\libc_nano.a(lib_a-sprintf.o)
 .ARM.attributes
                0x0000000000000503       0x2d c:/st/stm32cubeide_1.7.0/stm32cubeide/plugins/com.st.stm32cube.ide.mcu.externaltools.gnu-tools-for-stm32.9-2020-q2-update.win32_2.0.0.202105311346/tools/bin/../lib/gcc/arm-none-eabi/9.3.1/../../../../arm-none-eabi/lib/thumb/v7-m/nofp\libc_nano.a(lib_a-nano-svfprintf.o)
 .ARM.attributes
                0x0000000000000530       0x2d c:/st/stm32cubeide_1.7.0/stm32cubeide/plugins/com.st.stm32cube.ide.mcu.externaltools.gnu-tools-for-stm32.9-2020-q2-update.win32_2.0.0.202105311346/tools/bin/../lib/gcc/arm-none-eabi/9.3.1/../../../../arm-none-eabi/lib/thumb/v7-m/nofp\libc_nano.a(lib_a-nano-vfprintf_i.o)
 .ARM.attributes
                0x000000000000055d       0x2d c:/st/stm32cubeide_1.7.0/stm32cubeide/plugins/com.st.stm32cube.ide.mcu.externaltools.gnu-tools-for-stm32.9-2020-q2-update.win32_2.0.0.202105311346/tools/bin/../lib/gcc/arm-none-eabi/9.3.1/../../../../arm-none-eabi/lib/thumb/v7-m/nofp\libc_nano.a(lib_a-memchr-stub.o)
 .ARM.attributes
                0x000000000000058a       0x2d c:/st/stm32cubeide_1.7.0/stm32cubeide/plugins/com.st.stm32cube.ide.mcu.externaltools.gnu-tools-for-stm32.9-2020-q2-update.win32_2.0.0.202105311346/tools/bin/../lib/gcc/arm-none-eabi/9.3.1/../../../../arm-none-eabi/lib/thumb/v7-m/nofp\libc_nano.a(lib_a-memcpy-stub.o)
 .ARM.attributes
                0x00000000000005b7       0x2d c:/st/stm32cubeide_1.7.0/stm32cubeide/plugins/com.st.stm32cube.ide.mcu.externaltools.gnu-tools-for-stm32.9-2020-q2-update.win32_2.0.0.202105311346/tools/bin/../lib/gcc/arm-none-eabi/9.3.1/../../../../arm-none-eabi/lib/thumb/v7-m/nofp\libc_nano.a(lib_a-memmove.o)
 .ARM.attributes
                0x00000000000005e4       0x2d c:/st/stm32cubeide_1.7.0/stm32cubeide/plugins/com.st.stm32cube.ide.mcu.externaltools.gnu-tools-for-stm32.9-2020-q2-update.win32_2.0.0.202105311346/tools/bin/../lib/gcc/arm-none-eabi/9.3.1/../../../../arm-none-eabi/lib/thumb/v7-m/nofp\libc_nano.a(lib_a-nano-freer.o)
 .ARM.attributes
                0x0000000000000611       0x2d c:/st/stm32cubeide_1.7.0/stm32cubeide/plugins/com.st.stm32cube.ide.mcu.externaltools.gnu-tools-for-stm32.9-2020-q2-update.win32_2.0.0.202105311346/tools/bin/../lib/gcc/arm-none-eabi/9.3.1/../../../../arm-none-eabi/lib/thumb/v7-m/nofp\libc_nano.a(lib_a-nano-mallocr.o)
 .ARM.attributes
                0x000000000000063e       0x2d c:/st/stm32cubeide_1.7.0/stm32cubeide/plugins/com.st.stm32cube.ide.mcu.externaltools.gnu-tools-for-stm32.9-2020-q2-update.win32_2.0.0.202105311346/tools/bin/../lib/gcc/arm-none-eabi/9.3.1/../../../../arm-none-eabi/lib/thumb/v7-m/nofp\libc_nano.a(lib_a-nano-reallocr.o)
 .ARM.attributes
                0x000000000000066b       0x2d c:/st/stm32cubeide_1.7.0/stm32cubeide/plugins/com.st.stm32cube.ide.mcu.externaltools.gnu-tools-for-stm32.9-2020-q2-update.win32_2.0.0.202105311346/tools/bin/../lib/gcc/arm-none-eabi/9.3.1/../../../../arm-none-eabi/lib/thumb/v7-m/nofp\libc_nano.a(lib_a-sbrkr.o)
 .ARM.attributes
                0x0000000000000698       0x2d c:/st/stm32cubeide_1.7.0/stm32cubeide/plugins/com.st.stm32cube.ide.mcu.externaltools.gnu-tools-for-stm32.9-2020-q2-update.win32_2.0.0.202105311346/tools/bin/../lib/gcc/arm-none-eabi/9.3.1/../../../../arm-none-eabi/lib/thumb/v7-m/nofp\libc_nano.a(lib_a-mlock.o)
 .ARM.attributes
                0x00000000000006c5       0x2d c:/st/stm32cubeide_1.7.0/stm32cubeide/plugins/com.st.stm32cube.ide.mcu.externaltools.gnu-tools-for-stm32.9-2020-q2-update.win32_2.0.0.202105311346/tools/bin/../lib/gcc/arm-none-eabi/9.3.1/../../../../arm-none-eabi/lib/thumb/v7-m/nofp\libc_nano.a(lib_a-nano-msizer.o)
 .ARM.attributes
                0x00000000000006f2       0x2d c:/st/stm32cubeide_1.7.0/stm32cubeide/plugins/com.st.stm32cube.ide.mcu.externaltools.gnu-tools-for-stm32.9-2020-q2-update.win32_2.0.0.202105311346/tools/bin/../lib/gcc/arm-none-eabi/9.3.1/../../../../arm-none-eabi/lib/thumb/v7-m/nofp\libc_nano.a(lib_a-reent.o)
 .ARM.attributes
                0x000000000000071f       0x2d c:/st/stm32cubeide_1.7.0/stm32cubeide/plugins/com.st.stm32cube.ide.mcu.externaltools.gnu-tools-for-stm32.9-2020-q2-update.win32_2.0.0.202105311346/tools/bin/../lib/gcc/arm-none-eabi/9.3.1/../../../../arm-none-eabi/lib/thumb/v7-m/nofp\libc_nano.a(lib_a-lock.o)
 .ARM.attributes
                0x000000000000074c       0x1d c:/st/stm32cubeide_1.7.0/stm32cubeide/plugins/com.st.stm32cube.ide.mcu.externaltools.gnu-tools-for-stm32.9-2020-q2-update.win32_2.0.0.202105311346/tools/bin/../lib/gcc/arm-none-eabi/9.3.1/thumb/v7-m/nofp/crtn.o
OUTPUT(Assignment.elf elf32-littlearm)
LOAD linker stubs
LOAD c:/st/stm32cubeide_1.7.0/stm32cubeide/plugins/com.st.stm32cube.ide.mcu.externaltools.gnu-tools-for-stm32.9-2020-q2-update.win32_2.0.0.202105311346/tools/bin/../lib/gcc/arm-none-eabi/9.3.1/../../../../arm-none-eabi/lib/thumb/v7-m/nofp\libc.a
LOAD c:/st/stm32cubeide_1.7.0/stm32cubeide/plugins/com.st.stm32cube.ide.mcu.externaltools.gnu-tools-for-stm32.9-2020-q2-update.win32_2.0.0.202105311346/tools/bin/../lib/gcc/arm-none-eabi/9.3.1/../../../../arm-none-eabi/lib/thumb/v7-m/nofp\libm.a
LOAD c:/st/stm32cubeide_1.7.0/stm32cubeide/plugins/com.st.stm32cube.ide.mcu.externaltools.gnu-tools-for-stm32.9-2020-q2-update.win32_2.0.0.202105311346/tools/bin/../lib/gcc/arm-none-eabi/9.3.1/thumb/v7-m/nofp\libgcc.a

.debug_info     0x0000000000000000    0x10034
 .debug_info    0x0000000000000000      0x44b ./Core/Src/button.o
 .debug_info    0x000000000000044b      0xc58 ./Core/Src/display7segment.o
 .debug_info    0x00000000000010a3      0x2a5 ./Core/Src/fsm_automatic.o
 .debug_info    0x0000000000001348      0xb26 ./Core/Src/fsm_manual.o
 .debug_info    0x0000000000001e6e      0xb4a ./Core/Src/fsm_setting.o
 .debug_info    0x00000000000029b8      0x312 ./Core/Src/global.o
 .debug_info    0x0000000000002cca      0x7d7 ./Core/Src/i2c-lcd.o
 .debug_info    0x00000000000034a1     0x17e5 ./Core/Src/main.o
 .debug_info    0x0000000000004c86       0xd1 ./Core/Src/software_timer.o
 .debug_info    0x0000000000004d57      0xe68 ./Core/Src/stm32f1xx_hal_msp.o
 .debug_info    0x0000000000005bbf      0x7b9 ./Core/Src/stm32f1xx_it.o
 .debug_info    0x0000000000006378      0xa25 ./Core/Src/sysmem.o
 .debug_info    0x0000000000006d9d      0x2be ./Core/Src/system_stm32f1xx.o
 .debug_info    0x000000000000705b      0x361 ./Core/Src/traffic_light.o
 .debug_info    0x00000000000073bc       0x22 ./Core/Startup/startup_stm32f103rbtx.o
 .debug_info    0x00000000000073de      0x76a ./Drivers/STM32F1xx_HAL_Driver/Src/stm32f1xx_hal.o
 .debug_info    0x0000000000007b48      0xbdc ./Drivers/STM32F1xx_HAL_Driver/Src/stm32f1xx_hal_cortex.o
 .debug_info    0x0000000000008724      0x701 ./Drivers/STM32F1xx_HAL_Driver/Src/stm32f1xx_hal_gpio.o
 .debug_info    0x0000000000008e25     0x27cb ./Drivers/STM32F1xx_HAL_Driver/Src/stm32f1xx_hal_i2c.o
 .debug_info    0x000000000000b5f0      0x893 ./Drivers/STM32F1xx_HAL_Driver/Src/stm32f1xx_hal_rcc.o
 .debug_info    0x000000000000be83     0x2c32 ./Drivers/STM32F1xx_HAL_Driver/Src/stm32f1xx_hal_tim.o
 .debug_info    0x000000000000eab5     0x157f ./Drivers/STM32F1xx_HAL_Driver/Src/stm32f1xx_hal_tim_ex.o

.debug_abbrev   0x0000000000000000     0x268b
 .debug_abbrev  0x0000000000000000      0x18c ./Core/Src/button.o
 .debug_abbrev  0x000000000000018c      0x21c ./Core/Src/display7segment.o
 .debug_abbrev  0x00000000000003a8       0xf6 ./Core/Src/fsm_automatic.o
 .debug_abbrev  0x000000000000049e      0x1c8 ./Core/Src/fsm_manual.o
 .debug_abbrev  0x0000000000000666      0x1e0 ./Core/Src/fsm_setting.o
 .debug_abbrev  0x0000000000000846       0xbc ./Core/Src/global.o
 .debug_abbrev  0x0000000000000902      0x1b2 ./Core/Src/i2c-lcd.o
 .debug_abbrev  0x0000000000000ab4      0x2cc ./Core/Src/main.o
 .debug_abbrev  0x0000000000000d80       0xb7 ./Core/Src/software_timer.o
 .debug_abbrev  0x0000000000000e37      0x1c8 ./Core/Src/stm32f1xx_hal_msp.o
 .debug_abbrev  0x0000000000000fff      0x176 ./Core/Src/stm32f1xx_it.o
 .debug_abbrev  0x0000000000001175      0x1bf ./Core/Src/sysmem.o
 .debug_abbrev  0x0000000000001334      0x14e ./Core/Src/system_stm32f1xx.o
 .debug_abbrev  0x0000000000001482      0x150 ./Core/Src/traffic_light.o
 .debug_abbrev  0x00000000000015d2       0x12 ./Core/Startup/startup_stm32f103rbtx.o
 .debug_abbrev  0x00000000000015e4      0x1ed ./Drivers/STM32F1xx_HAL_Driver/Src/stm32f1xx_hal.o
 .debug_abbrev  0x00000000000017d1      0x313 ./Drivers/STM32F1xx_HAL_Driver/Src/stm32f1xx_hal_cortex.o
 .debug_abbrev  0x0000000000001ae4      0x1e8 ./Drivers/STM32F1xx_HAL_Driver/Src/stm32f1xx_hal_gpio.o
 .debug_abbrev  0x0000000000001ccc      0x288 ./Drivers/STM32F1xx_HAL_Driver/Src/stm32f1xx_hal_i2c.o
 .debug_abbrev  0x0000000000001f54      0x273 ./Drivers/STM32F1xx_HAL_Driver/Src/stm32f1xx_hal_rcc.o
 .debug_abbrev  0x00000000000021c7      0x25e ./Drivers/STM32F1xx_HAL_Driver/Src/stm32f1xx_hal_tim.o
 .debug_abbrev  0x0000000000002425      0x266 ./Drivers/STM32F1xx_HAL_Driver/Src/stm32f1xx_hal_tim_ex.o

.debug_aranges  0x0000000000000000      0xd98
 .debug_aranges
                0x0000000000000000       0x38 ./Core/Src/button.o
 .debug_aranges
                0x0000000000000038       0x28 ./Core/Src/display7segment.o
 .debug_aranges
                0x0000000000000060       0x20 ./Core/Src/fsm_automatic.o
 .debug_aranges
                0x0000000000000080       0x20 ./Core/Src/fsm_manual.o
 .debug_aranges
                0x00000000000000a0       0x30 ./Core/Src/fsm_setting.o
 .debug_aranges
                0x00000000000000d0       0x18 ./Core/Src/global.o
 .debug_aranges
                0x00000000000000e8       0x48 ./Core/Src/i2c-lcd.o
 .debug_aranges
                0x0000000000000130       0x50 ./Core/Src/main.o
 .debug_aranges
                0x0000000000000180       0x28 ./Core/Src/software_timer.o
 .debug_aranges
                0x00000000000001a8       0x40 ./Core/Src/stm32f1xx_hal_msp.o
 .debug_aranges
                0x00000000000001e8       0x68 ./Core/Src/stm32f1xx_it.o
 .debug_aranges
                0x0000000000000250       0x20 ./Core/Src/sysmem.o
 .debug_aranges
                0x0000000000000270       0x28 ./Core/Src/system_stm32f1xx.o
 .debug_aranges
                0x0000000000000298       0x30 ./Core/Src/traffic_light.o
 .debug_aranges
                0x00000000000002c8       0x28 ./Core/Startup/startup_stm32f103rbtx.o
 .debug_aranges
                0x00000000000002f0       0xe0 ./Drivers/STM32F1xx_HAL_Driver/Src/stm32f1xx_hal.o
 .debug_aranges
                0x00000000000003d0      0x100 ./Drivers/STM32F1xx_HAL_Driver/Src/stm32f1xx_hal_cortex.o
 .debug_aranges
                0x00000000000004d0       0x58 ./Drivers/STM32F1xx_HAL_Driver/Src/stm32f1xx_hal_gpio.o
 .debug_aranges
                0x0000000000000528      0x2a8 ./Drivers/STM32F1xx_HAL_Driver/Src/stm32f1xx_hal_i2c.o
 .debug_aranges
                0x00000000000007d0       0x90 ./Drivers/STM32F1xx_HAL_Driver/Src/stm32f1xx_hal_rcc.o
 .debug_aranges
                0x0000000000000860      0x3d0 ./Drivers/STM32F1xx_HAL_Driver/Src/stm32f1xx_hal_tim.o
 .debug_aranges
                0x0000000000000c30      0x168 ./Drivers/STM32F1xx_HAL_Driver/Src/stm32f1xx_hal_tim_ex.o

.debug_ranges   0x0000000000000000      0xc50
 .debug_ranges  0x0000000000000000       0x28 ./Core/Src/button.o
 .debug_ranges  0x0000000000000028       0x18 ./Core/Src/display7segment.o
 .debug_ranges  0x0000000000000040       0x10 ./Core/Src/fsm_automatic.o
 .debug_ranges  0x0000000000000050       0x10 ./Core/Src/fsm_manual.o
 .debug_ranges  0x0000000000000060       0x20 ./Core/Src/fsm_setting.o
 .debug_ranges  0x0000000000000080       0x38 ./Core/Src/i2c-lcd.o
 .debug_ranges  0x00000000000000b8       0x40 ./Core/Src/main.o
 .debug_ranges  0x00000000000000f8       0x18 ./Core/Src/software_timer.o
 .debug_ranges  0x0000000000000110       0x30 ./Core/Src/stm32f1xx_hal_msp.o
 .debug_ranges  0x0000000000000140       0x58 ./Core/Src/stm32f1xx_it.o
 .debug_ranges  0x0000000000000198       0x10 ./Core/Src/sysmem.o
 .debug_ranges  0x00000000000001a8       0x18 ./Core/Src/system_stm32f1xx.o
 .debug_ranges  0x00000000000001c0       0x20 ./Core/Src/traffic_light.o
 .debug_ranges  0x00000000000001e0       0x20 ./Core/Startup/startup_stm32f103rbtx.o
 .debug_ranges  0x0000000000000200       0xd0 ./Drivers/STM32F1xx_HAL_Driver/Src/stm32f1xx_hal.o
 .debug_ranges  0x00000000000002d0       0xf0 ./Drivers/STM32F1xx_HAL_Driver/Src/stm32f1xx_hal_cortex.o
 .debug_ranges  0x00000000000003c0       0x48 ./Drivers/STM32F1xx_HAL_Driver/Src/stm32f1xx_hal_gpio.o
 .debug_ranges  0x0000000000000408      0x2b0 ./Drivers/STM32F1xx_HAL_Driver/Src/stm32f1xx_hal_i2c.o
 .debug_ranges  0x00000000000006b8       0x80 ./Drivers/STM32F1xx_HAL_Driver/Src/stm32f1xx_hal_rcc.o
 .debug_ranges  0x0000000000000738      0x3c0 ./Drivers/STM32F1xx_HAL_Driver/Src/stm32f1xx_hal_tim.o
 .debug_ranges  0x0000000000000af8      0x158 ./Drivers/STM32F1xx_HAL_Driver/Src/stm32f1xx_hal_tim_ex.o

.debug_macro    0x0000000000000000    0x18eba
 .debug_macro   0x0000000000000000      0x1de ./Core/Src/button.o
 .debug_macro   0x00000000000001de      0xa9c ./Core/Src/button.o
 .debug_macro   0x0000000000000c7a      0x21b ./Core/Src/button.o
 .debug_macro   0x0000000000000e95       0x2e ./Core/Src/button.o
 .debug_macro   0x0000000000000ec3       0x22 ./Core/Src/button.o
 .debug_macro   0x0000000000000ee5       0x22 ./Core/Src/button.o
 .debug_macro   0x0000000000000f07       0x8e ./Core/Src/button.o
 .debug_macro   0x0000000000000f95       0x51 ./Core/Src/button.o
 .debug_macro   0x0000000000000fe6      0x103 ./Core/Src/button.o
 .debug_macro   0x00000000000010e9       0x6a ./Core/Src/button.o
 .debug_macro   0x0000000000001153      0x1df ./Core/Src/button.o
 .debug_macro   0x0000000000001332       0x1c ./Core/Src/button.o
 .debug_macro   0x000000000000134e       0x22 ./Core/Src/button.o
 .debug_macro   0x0000000000001370       0xc3 ./Core/Src/button.o
 .debug_macro   0x0000000000001433      0xd23 ./Core/Src/button.o
 .debug_macro   0x0000000000002156     0xe09e ./Core/Src/button.o
 .debug_macro   0x00000000000101f4       0x6d ./Core/Src/button.o
 .debug_macro   0x0000000000010261     0x34a2 ./Core/Src/button.o
 .debug_macro   0x0000000000013703      0x174 ./Core/Src/button.o
 .debug_macro   0x0000000000013877       0x5c ./Core/Src/button.o
 .debug_macro   0x00000000000138d3      0x5bc ./Core/Src/button.o
 .debug_macro   0x0000000000013e8f      0x289 ./Core/Src/button.o
 .debug_macro   0x0000000000014118      0x1cb ./Core/Src/button.o
 .debug_macro   0x00000000000142e3      0x114 ./Core/Src/button.o
 .debug_macro   0x00000000000143f7      0x1b2 ./Core/Src/button.o
 .debug_macro   0x00000000000145a9       0x27 ./Core/Src/button.o
 .debug_macro   0x00000000000145d0      0x136 ./Core/Src/button.o
 .debug_macro   0x0000000000014706      0x1bc ./Core/Src/button.o
 .debug_macro   0x00000000000148c2       0x34 ./Core/Src/button.o
 .debug_macro   0x00000000000148f6       0x3c ./Core/Src/button.o
 .debug_macro   0x0000000000014932       0x57 ./Core/Src/button.o
 .debug_macro   0x0000000000014989       0x87 ./Core/Src/button.o
 .debug_macro   0x0000000000014a10      0x240 ./Core/Src/button.o
 .debug_macro   0x0000000000014c50      0x287 ./Core/Src/button.o
 .debug_macro   0x0000000000014ed7      0x140 ./Core/Src/button.o
 .debug_macro   0x0000000000015017      0x8ed ./Core/Src/button.o
 .debug_macro   0x0000000000015904       0x83 ./Core/Src/button.o
 .debug_macro   0x0000000000015987       0x64 ./Core/Src/button.o
 .debug_macro   0x00000000000159eb       0x52 ./Core/Src/button.o
 .debug_macro   0x0000000000015a3d       0x10 ./Core/Src/button.o
 .debug_macro   0x0000000000015a4d      0x351 ./Core/Src/display7segment.o
 .debug_macro   0x0000000000015d9e       0x52 ./Core/Src/display7segment.o
 .debug_macro   0x0000000000015df0       0x18 ./Core/Src/display7segment.o
 .debug_macro   0x0000000000015e08       0x3c ./Core/Src/display7segment.o
 .debug_macro   0x0000000000015e44       0x34 ./Core/Src/display7segment.o
 .debug_macro   0x0000000000015e78       0x16 ./Core/Src/display7segment.o
 .debug_macro   0x0000000000015e8e       0x35 ./Core/Src/display7segment.o
 .debug_macro   0x0000000000015ec3      0x333 ./Core/Src/display7segment.o
 .debug_macro   0x00000000000161f6       0x10 ./Core/Src/display7segment.o
 .debug_macro   0x0000000000016206       0x16 ./Core/Src/display7segment.o
 .debug_macro   0x000000000001621c       0x43 ./Core/Src/display7segment.o
 .debug_macro   0x000000000001625f       0x34 ./Core/Src/display7segment.o
 .debug_macro   0x0000000000016293       0x10 ./Core/Src/display7segment.o
 .debug_macro   0x00000000000162a3       0x58 ./Core/Src/display7segment.o
 .debug_macro   0x00000000000162fb       0x71 ./Core/Src/display7segment.o
 .debug_macro   0x000000000001636c       0x1c ./Core/Src/display7segment.o
 .debug_macro   0x0000000000016388      0x12a ./Core/Src/display7segment.o
 .debug_macro   0x00000000000164b2       0x10 ./Core/Src/display7segment.o
 .debug_macro   0x00000000000164c2       0x1c ./Core/Src/display7segment.o
 .debug_macro   0x00000000000164de       0x52 ./Core/Src/display7segment.o
 .debug_macro   0x0000000000016530       0x22 ./Core/Src/display7segment.o
 .debug_macro   0x0000000000016552       0x10 ./Core/Src/display7segment.o
 .debug_macro   0x0000000000016562       0x40 ./Core/Src/display7segment.o
 .debug_macro   0x00000000000165a2       0xd5 ./Core/Src/display7segment.o
 .debug_macro   0x0000000000016677       0x1c ./Core/Src/display7segment.o
 .debug_macro   0x0000000000016693       0x3d ./Core/Src/display7segment.o
 .debug_macro   0x00000000000166d0       0x16 ./Core/Src/display7segment.o
 .debug_macro   0x00000000000166e6      0x145 ./Core/Src/display7segment.o
 .debug_macro   0x000000000001682b      0x1f2 ./Core/Src/fsm_automatic.o
 .debug_macro   0x0000000000016a1d      0x36f ./Core/Src/fsm_manual.o
 .debug_macro   0x0000000000016d8c      0x365 ./Core/Src/fsm_setting.o
 .debug_macro   0x00000000000170f1      0x1de ./Core/Src/global.o
 .debug_macro   0x00000000000172cf      0x1b3 ./Core/Src/i2c-lcd.o
 .debug_macro   0x0000000000017482      0x385 ./Core/Src/main.o
 .debug_macro   0x0000000000017807       0x1b ./Core/Src/software_timer.o
 .debug_macro   0x0000000000017822      0x1b2 ./Core/Src/stm32f1xx_hal_msp.o
 .debug_macro   0x00000000000179d4      0x1bc ./Core/Src/stm32f1xx_it.o
 .debug_macro   0x0000000000017b90       0xff ./Core/Src/sysmem.o
 .debug_macro   0x0000000000017c8f      0x23b ./Core/Src/sysmem.o
 .debug_macro   0x0000000000017eca      0x1a3 ./Core/Src/system_stm32f1xx.o
 .debug_macro   0x000000000001806d      0x1e8 ./Core/Src/traffic_light.o
 .debug_macro   0x0000000000018255      0x1c7 ./Drivers/STM32F1xx_HAL_Driver/Src/stm32f1xx_hal.o
 .debug_macro   0x000000000001841c      0x1a3 ./Drivers/STM32F1xx_HAL_Driver/Src/stm32f1xx_hal_cortex.o
 .debug_macro   0x00000000000185bf      0x20e ./Drivers/STM32F1xx_HAL_Driver/Src/stm32f1xx_hal_gpio.o
 .debug_macro   0x00000000000187cd      0x1f1 ./Drivers/STM32F1xx_HAL_Driver/Src/stm32f1xx_hal_i2c.o
 .debug_macro   0x00000000000189be      0x1b5 ./Drivers/STM32F1xx_HAL_Driver/Src/stm32f1xx_hal_rcc.o
 .debug_macro   0x0000000000018b73      0x1a4 ./Drivers/STM32F1xx_HAL_Driver/Src/stm32f1xx_hal_tim.o
 .debug_macro   0x0000000000018d17      0x1a3 ./Drivers/STM32F1xx_HAL_Driver/Src/stm32f1xx_hal_tim_ex.o

.debug_line     0x0000000000000000    0x11835
 .debug_line    0x0000000000000000      0x780 ./Core/Src/button.o
 .debug_line    0x0000000000000780      0x8d2 ./Core/Src/display7segment.o
 .debug_line    0x0000000000001052      0x6ca ./Core/Src/fsm_automatic.o
 .debug_line    0x000000000000171c      0x9e9 ./Core/Src/fsm_manual.o
 .debug_line    0x0000000000002105      0x9b6 ./Core/Src/fsm_setting.o
 .debug_line    0x0000000000002abb      0x684 ./Core/Src/global.o
 .debug_line    0x000000000000313f      0x741 ./Core/Src/i2c-lcd.o
 .debug_line    0x0000000000003880      0xa4f ./Core/Src/main.o
 .debug_line    0x00000000000042cf       0xe2 ./Core/Src/software_timer.o
 .debug_line    0x00000000000043b1      0x703 ./Core/Src/stm32f1xx_hal_msp.o
 .debug_line    0x0000000000004ab4      0x756 ./Core/Src/stm32f1xx_it.o
 .debug_line    0x000000000000520a      0x4f8 ./Core/Src/sysmem.o
 .debug_line    0x0000000000005702      0x6fa ./Core/Src/system_stm32f1xx.o
 .debug_line    0x0000000000005dfc      0x79f ./Core/Src/traffic_light.o
 .debug_line    0x000000000000659b       0x86 ./Core/Startup/startup_stm32f103rbtx.o
 .debug_line    0x0000000000006621      0x927 ./Drivers/STM32F1xx_HAL_Driver/Src/stm32f1xx_hal.o
 .debug_line    0x0000000000006f48      0xb0f ./Drivers/STM32F1xx_HAL_Driver/Src/stm32f1xx_hal_cortex.o
 .debug_line    0x0000000000007a57      0x9c0 ./Drivers/STM32F1xx_HAL_Driver/Src/stm32f1xx_hal_gpio.o
 .debug_line    0x0000000000008417     0x3abd ./Drivers/STM32F1xx_HAL_Driver/Src/stm32f1xx_hal_i2c.o
 .debug_line    0x000000000000bed4      0xd33 ./Drivers/STM32F1xx_HAL_Driver/Src/stm32f1xx_hal_rcc.o
 .debug_line    0x000000000000cc07     0x33c1 ./Drivers/STM32F1xx_HAL_Driver/Src/stm32f1xx_hal_tim.o
 .debug_line    0x000000000000ffc8     0x186d ./Drivers/STM32F1xx_HAL_Driver/Src/stm32f1xx_hal_tim_ex.o

.debug_str      0x0000000000000000    0x8b3d7
 .debug_str     0x0000000000000000    0x83430 ./Core/Src/button.o
                                      0x83794 (size before relaxing)
 .debug_str     0x0000000000083430     0x40cf ./Core/Src/display7segment.o
                                      0x87825 (size before relaxing)
 .debug_str     0x00000000000874ff       0x7d ./Core/Src/fsm_automatic.o
                                      0x8371e (size before relaxing)
 .debug_str     0x000000000008757c       0x4f ./Core/Src/fsm_manual.o
                                      0x877f1 (size before relaxing)
 .debug_str     0x00000000000875cb       0x2b ./Core/Src/fsm_setting.o
                                      0x87804 (size before relaxing)
 .debug_str     0x00000000000875f6       0x15 ./Core/Src/global.o
                                      0x836b6 (size before relaxing)
 .debug_str     0x000000000008760b      0x4cb ./Core/Src/i2c-lcd.o
                                      0x83888 (size before relaxing)
 .debug_str     0x0000000000087ad6      0x53f ./Core/Src/main.o
                                      0x88233 (size before relaxing)
 .debug_str     0x0000000000088015       0x47 ./Core/Src/software_timer.o
                                       0x2dea (size before relaxing)
 .debug_str     0x000000000008805c      0x31b ./Core/Src/stm32f1xx_hal_msp.o
                                      0x84030 (size before relaxing)
 .debug_str     0x0000000000088377       0xcd ./Core/Src/stm32f1xx_it.o
                                      0x83a5b (size before relaxing)
 .debug_str     0x0000000000088444      0x4e9 ./Core/Src/sysmem.o
                                       0x625f (size before relaxing)
 .debug_str     0x000000000008892d       0x52 ./Core/Src/system_stm32f1xx.o
                                      0x833f6 (size before relaxing)
 .debug_str     0x000000000008897f       0x56 ./Core/Src/traffic_light.o
                                      0x83740 (size before relaxing)
 .debug_str     0x00000000000889d5       0x36 ./Core/Startup/startup_stm32f103rbtx.o
                                         0x73 (size before relaxing)
 .debug_str     0x0000000000088a0b      0x304 ./Drivers/STM32F1xx_HAL_Driver/Src/stm32f1xx_hal.o
                                      0x83a87 (size before relaxing)
 .debug_str     0x0000000000088d0f      0x300 ./Drivers/STM32F1xx_HAL_Driver/Src/stm32f1xx_hal_cortex.o
                                      0x83a8f (size before relaxing)
 .debug_str     0x000000000008900f      0x324 ./Drivers/STM32F1xx_HAL_Driver/Src/stm32f1xx_hal_gpio.o
                                      0x837ba (size before relaxing)
 .debug_str     0x0000000000089333      0xb9a ./Drivers/STM32F1xx_HAL_Driver/Src/stm32f1xx_hal_i2c.o
                                      0x84485 (size before relaxing)
 .debug_str     0x0000000000089ecd      0x244 ./Drivers/STM32F1xx_HAL_Driver/Src/stm32f1xx_hal_rcc.o
                                      0x837f3 (size before relaxing)
 .debug_str     0x000000000008a111      0xdd8 ./Drivers/STM32F1xx_HAL_Driver/Src/stm32f1xx_hal_tim.o
                                      0x847dc (size before relaxing)
 .debug_str     0x000000000008aee9      0x4ee ./Drivers/STM32F1xx_HAL_Driver/Src/stm32f1xx_hal_tim_ex.o
                                      0x83f7d (size before relaxing)

.comment        0x0000000000000000       0x53
 .comment       0x0000000000000000       0x53 ./Core/Src/button.o
                                         0x54 (size before relaxing)
 .comment       0x0000000000000053       0x54 ./Core/Src/display7segment.o
 .comment       0x0000000000000053       0x54 ./Core/Src/fsm_automatic.o
 .comment       0x0000000000000053       0x54 ./Core/Src/fsm_manual.o
 .comment       0x0000000000000053       0x54 ./Core/Src/fsm_setting.o
 .comment       0x0000000000000053       0x54 ./Core/Src/global.o
 .comment       0x0000000000000053       0x54 ./Core/Src/i2c-lcd.o
 .comment       0x0000000000000053       0x54 ./Core/Src/main.o
 .comment       0x0000000000000053       0x54 ./Core/Src/software_timer.o
 .comment       0x0000000000000053       0x54 ./Core/Src/stm32f1xx_hal_msp.o
 .comment       0x0000000000000053       0x54 ./Core/Src/stm32f1xx_it.o
 .comment       0x0000000000000053       0x54 ./Core/Src/sysmem.o
 .comment       0x0000000000000053       0x54 ./Core/Src/system_stm32f1xx.o
 .comment       0x0000000000000053       0x54 ./Core/Src/traffic_light.o
 .comment       0x0000000000000053       0x54 ./Drivers/STM32F1xx_HAL_Driver/Src/stm32f1xx_hal.o
 .comment       0x0000000000000053       0x54 ./Drivers/STM32F1xx_HAL_Driver/Src/stm32f1xx_hal_cortex.o
 .comment       0x0000000000000053       0x54 ./Drivers/STM32F1xx_HAL_Driver/Src/stm32f1xx_hal_gpio.o
 .comment       0x0000000000000053       0x54 ./Drivers/STM32F1xx_HAL_Driver/Src/stm32f1xx_hal_i2c.o
 .comment       0x0000000000000053       0x54 ./Drivers/STM32F1xx_HAL_Driver/Src/stm32f1xx_hal_rcc.o
 .comment       0x0000000000000053       0x54 ./Drivers/STM32F1xx_HAL_Driver/Src/stm32f1xx_hal_tim.o
 .comment       0x0000000000000053       0x54 ./Drivers/STM32F1xx_HAL_Driver/Src/stm32f1xx_hal_tim_ex.o

.debug_frame    0x0000000000000000     0x3a64
 .debug_frame   0x0000000000000000       0xac ./Core/Src/button.o
 .debug_frame   0x00000000000000ac       0x50 ./Core/Src/display7segment.o
 .debug_frame   0x00000000000000fc       0x2c ./Core/Src/fsm_automatic.o
 .debug_frame   0x0000000000000128       0x2c ./Core/Src/fsm_manual.o
 .debug_frame   0x0000000000000154       0x68 ./Core/Src/fsm_setting.o
 .debug_frame   0x00000000000001bc       0xd8 ./Core/Src/i2c-lcd.o
 .debug_frame   0x0000000000000294       0xf0 ./Core/Src/main.o
 .debug_frame   0x0000000000000384       0x58 ./Core/Src/software_timer.o
 .debug_frame   0x00000000000003dc       0xc8 ./Core/Src/stm32f1xx_hal_msp.o
 .debug_frame   0x00000000000004a4      0x120 ./Core/Src/stm32f1xx_it.o
 .debug_frame   0x00000000000005c4       0x34 ./Core/Src/sysmem.o
 .debug_frame   0x00000000000005f8       0x58 ./Core/Src/system_stm32f1xx.o
 .debug_frame   0x0000000000000650       0x74 ./Core/Src/traffic_light.o
 .debug_frame   0x00000000000006c4      0x334 ./Drivers/STM32F1xx_HAL_Driver/Src/stm32f1xx_hal.o
 .debug_frame   0x00000000000009f8      0x428 ./Drivers/STM32F1xx_HAL_Driver/Src/stm32f1xx_hal_cortex.o
 .debug_frame   0x0000000000000e20      0x14c ./Drivers/STM32F1xx_HAL_Driver/Src/stm32f1xx_hal_gpio.o
 .debug_frame   0x0000000000000f6c      0xc84 ./Drivers/STM32F1xx_HAL_Driver/Src/stm32f1xx_hal_i2c.o
 .debug_frame   0x0000000000001bf0      0x218 ./Drivers/STM32F1xx_HAL_Driver/Src/stm32f1xx_hal_rcc.o
 .debug_frame   0x0000000000001e08     0x11b8 ./Drivers/STM32F1xx_HAL_Driver/Src/stm32f1xx_hal_tim.o
 .debug_frame   0x0000000000002fc0      0x638 ./Drivers/STM32F1xx_HAL_Driver/Src/stm32f1xx_hal_tim_ex.o
 .debug_frame   0x00000000000035f8       0x20 c:/st/stm32cubeide_1.7.0/stm32cubeide/plugins/com.st.stm32cube.ide.mcu.externaltools.gnu-tools-for-stm32.9-2020-q2-update.win32_2.0.0.202105311346/tools/bin/../lib/gcc/arm-none-eabi/9.3.1/../../../../arm-none-eabi/lib/thumb/v7-m/nofp\libc_nano.a(lib_a-errno.o)
 .debug_frame   0x0000000000003618       0x2c c:/st/stm32cubeide_1.7.0/stm32cubeide/plugins/com.st.stm32cube.ide.mcu.externaltools.gnu-tools-for-stm32.9-2020-q2-update.win32_2.0.0.202105311346/tools/bin/../lib/gcc/arm-none-eabi/9.3.1/../../../../arm-none-eabi/lib/thumb/v7-m/nofp\libc_nano.a(lib_a-init.o)
 .debug_frame   0x0000000000003644       0x20 c:/st/stm32cubeide_1.7.0/stm32cubeide/plugins/com.st.stm32cube.ide.mcu.externaltools.gnu-tools-for-stm32.9-2020-q2-update.win32_2.0.0.202105311346/tools/bin/../lib/gcc/arm-none-eabi/9.3.1/../../../../arm-none-eabi/lib/thumb/v7-m/nofp\libc_nano.a(lib_a-memset.o)
 .debug_frame   0x0000000000003664       0x6c c:/st/stm32cubeide_1.7.0/stm32cubeide/plugins/com.st.stm32cube.ide.mcu.externaltools.gnu-tools-for-stm32.9-2020-q2-update.win32_2.0.0.202105311346/tools/bin/../lib/gcc/arm-none-eabi/9.3.1/../../../../arm-none-eabi/lib/thumb/v7-m/nofp\libc_nano.a(lib_a-sprintf.o)
 .debug_frame   0x00000000000036d0       0x90 c:/st/stm32cubeide_1.7.0/stm32cubeide/plugins/com.st.stm32cube.ide.mcu.externaltools.gnu-tools-for-stm32.9-2020-q2-update.win32_2.0.0.202105311346/tools/bin/../lib/gcc/arm-none-eabi/9.3.1/../../../../arm-none-eabi/lib/thumb/v7-m/nofp\libc_nano.a(lib_a-nano-svfprintf.o)
 .debug_frame   0x0000000000003760       0x60 c:/st/stm32cubeide_1.7.0/stm32cubeide/plugins/com.st.stm32cube.ide.mcu.externaltools.gnu-tools-for-stm32.9-2020-q2-update.win32_2.0.0.202105311346/tools/bin/../lib/gcc/arm-none-eabi/9.3.1/../../../../arm-none-eabi/lib/thumb/v7-m/nofp\libc_nano.a(lib_a-nano-vfprintf_i.o)
 .debug_frame   0x00000000000037c0       0x28 c:/st/stm32cubeide_1.7.0/stm32cubeide/plugins/com.st.stm32cube.ide.mcu.externaltools.gnu-tools-for-stm32.9-2020-q2-update.win32_2.0.0.202105311346/tools/bin/../lib/gcc/arm-none-eabi/9.3.1/../../../../arm-none-eabi/lib/thumb/v7-m/nofp\libc_nano.a(lib_a-memchr-stub.o)
 .debug_frame   0x00000000000037e8       0x28 c:/st/stm32cubeide_1.7.0/stm32cubeide/plugins/com.st.stm32cube.ide.mcu.externaltools.gnu-tools-for-stm32.9-2020-q2-update.win32_2.0.0.202105311346/tools/bin/../lib/gcc/arm-none-eabi/9.3.1/../../../../arm-none-eabi/lib/thumb/v7-m/nofp\libc_nano.a(lib_a-memcpy-stub.o)
 .debug_frame   0x0000000000003810       0x28 c:/st/stm32cubeide_1.7.0/stm32cubeide/plugins/com.st.stm32cube.ide.mcu.externaltools.gnu-tools-for-stm32.9-2020-q2-update.win32_2.0.0.202105311346/tools/bin/../lib/gcc/arm-none-eabi/9.3.1/../../../../arm-none-eabi/lib/thumb/v7-m/nofp\libc_nano.a(lib_a-memmove.o)
 .debug_frame   0x0000000000003838       0x38 c:/st/stm32cubeide_1.7.0/stm32cubeide/plugins/com.st.stm32cube.ide.mcu.externaltools.gnu-tools-for-stm32.9-2020-q2-update.win32_2.0.0.202105311346/tools/bin/../lib/gcc/arm-none-eabi/9.3.1/../../../../arm-none-eabi/lib/thumb/v7-m/nofp\libc_nano.a(lib_a-nano-freer.o)
 .debug_frame   0x0000000000003870       0x30 c:/st/stm32cubeide_1.7.0/stm32cubeide/plugins/com.st.stm32cube.ide.mcu.externaltools.gnu-tools-for-stm32.9-2020-q2-update.win32_2.0.0.202105311346/tools/bin/../lib/gcc/arm-none-eabi/9.3.1/../../../../arm-none-eabi/lib/thumb/v7-m/nofp\libc_nano.a(lib_a-nano-mallocr.o)
 .debug_frame   0x00000000000038a0       0x3c c:/st/stm32cubeide_1.7.0/stm32cubeide/plugins/com.st.stm32cube.ide.mcu.externaltools.gnu-tools-for-stm32.9-2020-q2-update.win32_2.0.0.202105311346/tools/bin/../lib/gcc/arm-none-eabi/9.3.1/../../../../arm-none-eabi/lib/thumb/v7-m/nofp\libc_nano.a(lib_a-nano-reallocr.o)
 .debug_frame   0x00000000000038dc       0x2c c:/st/stm32cubeide_1.7.0/stm32cubeide/plugins/com.st.stm32cube.ide.mcu.externaltools.gnu-tools-for-stm32.9-2020-q2-update.win32_2.0.0.202105311346/tools/bin/../lib/gcc/arm-none-eabi/9.3.1/../../../../arm-none-eabi/lib/thumb/v7-m/nofp\libc_nano.a(lib_a-sbrkr.o)
 .debug_frame   0x0000000000003908       0x30 c:/st/stm32cubeide_1.7.0/stm32cubeide/plugins/com.st.stm32cube.ide.mcu.externaltools.gnu-tools-for-stm32.9-2020-q2-update.win32_2.0.0.202105311346/tools/bin/../lib/gcc/arm-none-eabi/9.3.1/../../../../arm-none-eabi/lib/thumb/v7-m/nofp\libc_nano.a(lib_a-mlock.o)
 .debug_frame   0x0000000000003938       0x20 c:/st/stm32cubeide_1.7.0/stm32cubeide/plugins/com.st.stm32cube.ide.mcu.externaltools.gnu-tools-for-stm32.9-2020-q2-update.win32_2.0.0.202105311346/tools/bin/../lib/gcc/arm-none-eabi/9.3.1/../../../../arm-none-eabi/lib/thumb/v7-m/nofp\libc_nano.a(lib_a-nano-msizer.o)
 .debug_frame   0x0000000000003958       0x5c c:/st/stm32cubeide_1.7.0/stm32cubeide/plugins/com.st.stm32cube.ide.mcu.externaltools.gnu-tools-for-stm32.9-2020-q2-update.win32_2.0.0.202105311346/tools/bin/../lib/gcc/arm-none-eabi/9.3.1/../../../../arm-none-eabi/lib/thumb/v7-m/nofp\libc_nano.a(lib_a-reent.o)
 .debug_frame   0x00000000000039b4       0xb0 c:/st/stm32cubeide_1.7.0/stm32cubeide/plugins/com.st.stm32cube.ide.mcu.externaltools.gnu-tools-for-stm32.9-2020-q2-update.win32_2.0.0.202105311346/tools/bin/../lib/gcc/arm-none-eabi/9.3.1/../../../../arm-none-eabi/lib/thumb/v7-m/nofp\libc_nano.a(lib_a-lock.o)
